[0.054s] Invoking command in '/home/rokey/ros2_ws/build/dsr_moveit_config_m0609': CMAKE_PREFIX_PATH=/opt/ros/humble /usr/bin/cmake /home/rokey/ros2_ws/src/DoosanBootcamp3rd/dsr_moveit2/dsr_moveit_config_m0609 -DCMAKE_INSTALL_PREFIX=/home/rokey/ros2_ws/install/dsr_moveit_config_m0609
[0.641s] -- The C compiler identification is GNU 11.4.0
[0.641s] -- The CXX compiler identification is GNU 11.4.0
[0.641s] -- Detecting C compiler ABI info
[0.641s] -- Detecting C compiler ABI info - done
[0.641s] -- Check for working C compiler: /usr/bin/cc - skipped
[0.641s] -- Detecting C compile features
[0.641s] -- Detecting C compile features - done
[0.642s] -- Detecting CXX compiler ABI info
[0.642s] -- Detecting CXX compiler ABI info - done
[0.642s] -- Check for working CXX compiler: /usr/bin/c++ - skipped
[0.642s] -- Detecting CXX compile features
[0.642s] -- Detecting CXX compile features - done
[0.642s] -- Found ament_cmake: 1.3.12 (/opt/ros/humble/share/ament_cmake/cmake)
[0.642s] -- Found Python3: /usr/bin/python3 (found version "3.10.12") found components: Interpreter 
[0.747s] -- Configuring done
[0.751s] -- Generating done
[0.755s] -- Build files have been written to: /home/rokey/ros2_ws/build/dsr_moveit_config_m0609
[0.756s] Invoked command in '/home/rokey/ros2_ws/build/dsr_moveit_config_m0609' returned '0': CMAKE_PREFIX_PATH=/opt/ros/humble /usr/bin/cmake /home/rokey/ros2_ws/src/DoosanBootcamp3rd/dsr_moveit2/dsr_moveit_config_m0609 -DCMAKE_INSTALL_PREFIX=/home/rokey/ros2_ws/install/dsr_moveit_config_m0609
[0.759s] Invoking command in '/home/rokey/ros2_ws/build/dsr_moveit_config_m0609': CMAKE_PREFIX_PATH=/opt/ros/humble /usr/bin/cmake --build /home/rokey/ros2_ws/build/dsr_moveit_config_m0609 -- -j16 -l16
[0.804s] Invoked command in '/home/rokey/ros2_ws/build/dsr_moveit_config_m0609' returned '0': CMAKE_PREFIX_PATH=/opt/ros/humble /usr/bin/cmake --build /home/rokey/ros2_ws/build/dsr_moveit_config_m0609 -- -j16 -l16
[0.811s] Invoking command in '/home/rokey/ros2_ws/build/dsr_moveit_config_m0609': CMAKE_PREFIX_PATH=/opt/ros/humble /usr/bin/cmake --install /home/rokey/ros2_ws/build/dsr_moveit_config_m0609
[0.845s] -- Install configuration: ""
[0.845s] -- Installing: /home/rokey/ros2_ws/install/dsr_moveit_config_m0609/share/ament_index/resource_index/package_run_dependencies/dsr_moveit_config_m0609
[0.845s] -- Installing: /home/rokey/ros2_ws/install/dsr_moveit_config_m0609/share/ament_index/resource_index/parent_prefix_path/dsr_moveit_config_m0609
[0.845s] -- Installing: /home/rokey/ros2_ws/install/dsr_moveit_config_m0609/share/dsr_moveit_config_m0609/environment/ament_prefix_path.sh
[0.845s] -- Installing: /home/rokey/ros2_ws/install/dsr_moveit_config_m0609/share/dsr_moveit_config_m0609/environment/ament_prefix_path.dsv
[0.846s] -- Installing: /home/rokey/ros2_ws/install/dsr_moveit_config_m0609/share/dsr_moveit_config_m0609/environment/path.sh
[0.846s] -- Installing: /home/rokey/ros2_ws/install/dsr_moveit_config_m0609/share/dsr_moveit_config_m0609/environment/path.dsv
[0.846s] -- Installing: /home/rokey/ros2_ws/install/dsr_moveit_config_m0609/share/dsr_moveit_config_m0609/local_setup.bash
[0.846s] -- Installing: /home/rokey/ros2_ws/install/dsr_moveit_config_m0609/share/dsr_moveit_config_m0609/local_setup.sh
[0.846s] -- Installing: /home/rokey/ros2_ws/install/dsr_moveit_config_m0609/share/dsr_moveit_config_m0609/local_setup.zsh
[0.846s] -- Installing: /home/rokey/ros2_ws/install/dsr_moveit_config_m0609/share/dsr_moveit_config_m0609/local_setup.dsv
[0.847s] -- Installing: /home/rokey/ros2_ws/install/dsr_moveit_config_m0609/share/dsr_moveit_config_m0609/package.dsv
[0.847s] -- Installing: /home/rokey/ros2_ws/install/dsr_moveit_config_m0609/share/ament_index/resource_index/packages/dsr_moveit_config_m0609
[0.847s] -- Installing: /home/rokey/ros2_ws/install/dsr_moveit_config_m0609/share/dsr_moveit_config_m0609/cmake/dsr_moveit_config_m0609Config.cmake
[0.847s] -- Installing: /home/rokey/ros2_ws/install/dsr_moveit_config_m0609/share/dsr_moveit_config_m0609/cmake/dsr_moveit_config_m0609Config-version.cmake
[0.847s] -- Installing: /home/rokey/ros2_ws/install/dsr_moveit_config_m0609/share/dsr_moveit_config_m0609/package.xml
[0.847s] -- Installing: /home/rokey/ros2_ws/install/dsr_moveit_config_m0609/share/dsr_moveit_config_m0609/launch
[0.847s] -- Installing: /home/rokey/ros2_ws/install/dsr_moveit_config_m0609/share/dsr_moveit_config_m0609/launch/moveit.rviz
[0.847s] -- Installing: /home/rokey/ros2_ws/install/dsr_moveit_config_m0609/share/dsr_moveit_config_m0609/launch/demo.launch.py
[0.847s] -- Installing: /home/rokey/ros2_ws/install/dsr_moveit_config_m0609/share/dsr_moveit_config_m0609/launch/start.launch.py
[0.847s] -- Installing: /home/rokey/ros2_ws/install/dsr_moveit_config_m0609/share/dsr_moveit_config_m0609/config
[0.847s] -- Installing: /home/rokey/ros2_ws/install/dsr_moveit_config_m0609/share/dsr_moveit_config_m0609/config/moveit_controllers.yaml
[0.847s] -- Installing: /home/rokey/ros2_ws/install/dsr_moveit_config_m0609/share/dsr_moveit_config_m0609/config/initial_positions.yaml
[0.848s] -- Installing: /home/rokey/ros2_ws/install/dsr_moveit_config_m0609/share/dsr_moveit_config_m0609/config/dsr.srdf
[0.848s] -- Installing: /home/rokey/ros2_ws/install/dsr_moveit_config_m0609/share/dsr_moveit_config_m0609/config/chomp_planning.yaml
[0.848s] -- Installing: /home/rokey/ros2_ws/install/dsr_moveit_config_m0609/share/dsr_moveit_config_m0609/config/pilz_cartesian_limits.yaml
[0.848s] -- Installing: /home/rokey/ros2_ws/install/dsr_moveit_config_m0609/share/dsr_moveit_config_m0609/config/dsr.ros2_control.xacro
[0.848s] -- Installing: /home/rokey/ros2_ws/install/dsr_moveit_config_m0609/share/dsr_moveit_config_m0609/config/ros2_controllers.yaml
[0.848s] -- Installing: /home/rokey/ros2_ws/install/dsr_moveit_config_m0609/share/dsr_moveit_config_m0609/config/ompl_planning.yaml
[0.848s] -- Installing: /home/rokey/ros2_ws/install/dsr_moveit_config_m0609/share/dsr_moveit_config_m0609/config/sensors_3d.yaml
[0.848s] -- Installing: /home/rokey/ros2_ws/install/dsr_moveit_config_m0609/share/dsr_moveit_config_m0609/config/kinematics.yaml
[0.848s] -- Installing: /home/rokey/ros2_ws/install/dsr_moveit_config_m0609/share/dsr_moveit_config_m0609/config/m0609.urdf.xacro
[0.848s] -- Installing: /home/rokey/ros2_ws/install/dsr_moveit_config_m0609/share/dsr_moveit_config_m0609/config/joint_limits.yaml
[0.849s] -- Installing: /home/rokey/ros2_ws/install/dsr_moveit_config_m0609/share/dsr_moveit_config_m0609/.setup_assistant
[0.884s] Invoked command in '/home/rokey/ros2_ws/build/dsr_moveit_config_m0609' returned '0': CMAKE_PREFIX_PATH=/opt/ros/humble /usr/bin/cmake --install /home/rokey/ros2_ws/build/dsr_moveit_config_m0609
