[0.048s] Invoking command in '/home/rokey/ros2_ws/build/dsr_moveit_config_h2017': CMAKE_PREFIX_PATH=/opt/ros/humble /usr/bin/cmake /home/rokey/ros2_ws/src/DoosanBootcamp3rd/dsr_moveit2/dsr_moveit_config_h2017 -DCMAKE_INSTALL_PREFIX=/home/rokey/ros2_ws/install/dsr_moveit_config_h2017
[0.644s] -- The C compiler identification is GNU 11.4.0
[0.644s] -- The CXX compiler identification is GNU 11.4.0
[0.644s] -- Detecting C compiler ABI info
[0.644s] -- Detecting C compiler ABI info - done
[0.644s] -- Check for working C compiler: /usr/bin/cc - skipped
[0.644s] -- Detecting C compile features
[0.644s] -- Detecting C compile features - done
[0.644s] -- Detecting CXX compiler ABI info
[0.644s] -- Detecting CXX compiler ABI info - done
[0.644s] -- Check for working CXX compiler: /usr/bin/c++ - skipped
[0.645s] -- Detecting CXX compile features
[0.645s] -- Detecting CXX compile features - done
[0.645s] -- Found ament_cmake: 1.3.12 (/opt/ros/humble/share/ament_cmake/cmake)
[0.645s] -- Found Python3: /usr/bin/python3 (found version "3.10.12") found components: Interpreter 
[0.726s] -- Configuring done
[0.728s] -- Generating done
[0.730s] -- Build files have been written to: /home/rokey/ros2_ws/build/dsr_moveit_config_h2017
[0.737s] Invoked command in '/home/rokey/ros2_ws/build/dsr_moveit_config_h2017' returned '0': CMAKE_PREFIX_PATH=/opt/ros/humble /usr/bin/cmake /home/rokey/ros2_ws/src/DoosanBootcamp3rd/dsr_moveit2/dsr_moveit_config_h2017 -DCMAKE_INSTALL_PREFIX=/home/rokey/ros2_ws/install/dsr_moveit_config_h2017
[0.739s] Invoking command in '/home/rokey/ros2_ws/build/dsr_moveit_config_h2017': CMAKE_PREFIX_PATH=/opt/ros/humble /usr/bin/cmake --build /home/rokey/ros2_ws/build/dsr_moveit_config_h2017 -- -j16 -l16
[0.783s] Invoked command in '/home/rokey/ros2_ws/build/dsr_moveit_config_h2017' returned '0': CMAKE_PREFIX_PATH=/opt/ros/humble /usr/bin/cmake --build /home/rokey/ros2_ws/build/dsr_moveit_config_h2017 -- -j16 -l16
[0.785s] Invoking command in '/home/rokey/ros2_ws/build/dsr_moveit_config_h2017': CMAKE_PREFIX_PATH=/opt/ros/humble /usr/bin/cmake --install /home/rokey/ros2_ws/build/dsr_moveit_config_h2017
[0.794s] -- Install configuration: ""
[0.794s] -- Installing: /home/rokey/ros2_ws/install/dsr_moveit_config_h2017/share/ament_index/resource_index/package_run_dependencies/dsr_moveit_config_h2017
[0.794s] -- Installing: /home/rokey/ros2_ws/install/dsr_moveit_config_h2017/share/ament_index/resource_index/parent_prefix_path/dsr_moveit_config_h2017
[0.794s] -- Installing: /home/rokey/ros2_ws/install/dsr_moveit_config_h2017/share/dsr_moveit_config_h2017/environment/ament_prefix_path.sh
[0.794s] -- Installing: /home/rokey/ros2_ws/install/dsr_moveit_config_h2017/share/dsr_moveit_config_h2017/environment/ament_prefix_path.dsv
[0.794s] -- Installing: /home/rokey/ros2_ws/install/dsr_moveit_config_h2017/share/dsr_moveit_config_h2017/environment/path.sh
[0.794s] -- Installing: /home/rokey/ros2_ws/install/dsr_moveit_config_h2017/share/dsr_moveit_config_h2017/environment/path.dsv
[0.794s] -- Installing: /home/rokey/ros2_ws/install/dsr_moveit_config_h2017/share/dsr_moveit_config_h2017/local_setup.bash
[0.794s] -- Installing: /home/rokey/ros2_ws/install/dsr_moveit_config_h2017/share/dsr_moveit_config_h2017/local_setup.sh
[0.794s] -- Installing: /home/rokey/ros2_ws/install/dsr_moveit_config_h2017/share/dsr_moveit_config_h2017/local_setup.zsh
[0.794s] -- Installing: /home/rokey/ros2_ws/install/dsr_moveit_config_h2017/share/dsr_moveit_config_h2017/local_setup.dsv
[0.794s] -- Installing: /home/rokey/ros2_ws/install/dsr_moveit_config_h2017/share/dsr_moveit_config_h2017/package.dsv
[0.795s] -- Installing: /home/rokey/ros2_ws/install/dsr_moveit_config_h2017/share/ament_index/resource_index/packages/dsr_moveit_config_h2017
[0.795s] -- Installing: /home/rokey/ros2_ws/install/dsr_moveit_config_h2017/share/dsr_moveit_config_h2017/cmake/dsr_moveit_config_h2017Config.cmake
[0.795s] -- Installing: /home/rokey/ros2_ws/install/dsr_moveit_config_h2017/share/dsr_moveit_config_h2017/cmake/dsr_moveit_config_h2017Config-version.cmake
[0.795s] -- Installing: /home/rokey/ros2_ws/install/dsr_moveit_config_h2017/share/dsr_moveit_config_h2017/package.xml
[0.795s] -- Installing: /home/rokey/ros2_ws/install/dsr_moveit_config_h2017/share/dsr_moveit_config_h2017/launch
[0.795s] -- Installing: /home/rokey/ros2_ws/install/dsr_moveit_config_h2017/share/dsr_moveit_config_h2017/launch/moveit.rviz
[0.795s] -- Installing: /home/rokey/ros2_ws/install/dsr_moveit_config_h2017/share/dsr_moveit_config_h2017/launch/demo.launch.py
[0.795s] -- Installing: /home/rokey/ros2_ws/install/dsr_moveit_config_h2017/share/dsr_moveit_config_h2017/launch/start.launch.py
[0.795s] -- Installing: /home/rokey/ros2_ws/install/dsr_moveit_config_h2017/share/dsr_moveit_config_h2017/config
[0.795s] -- Installing: /home/rokey/ros2_ws/install/dsr_moveit_config_h2017/share/dsr_moveit_config_h2017/config/moveit_controllers.yaml
[0.795s] -- Installing: /home/rokey/ros2_ws/install/dsr_moveit_config_h2017/share/dsr_moveit_config_h2017/config/initial_positions.yaml
[0.795s] -- Installing: /home/rokey/ros2_ws/install/dsr_moveit_config_h2017/share/dsr_moveit_config_h2017/config/dsr.srdf
[0.795s] -- Installing: /home/rokey/ros2_ws/install/dsr_moveit_config_h2017/share/dsr_moveit_config_h2017/config/chomp_planning.yaml
[0.795s] -- Installing: /home/rokey/ros2_ws/install/dsr_moveit_config_h2017/share/dsr_moveit_config_h2017/config/pilz_cartesian_limits.yaml
[0.795s] -- Installing: /home/rokey/ros2_ws/install/dsr_moveit_config_h2017/share/dsr_moveit_config_h2017/config/dsr.ros2_control.xacro
[0.795s] -- Installing: /home/rokey/ros2_ws/install/dsr_moveit_config_h2017/share/dsr_moveit_config_h2017/config/h2017.urdf.xacro
[0.795s] -- Installing: /home/rokey/ros2_ws/install/dsr_moveit_config_h2017/share/dsr_moveit_config_h2017/config/ros2_controllers.yaml
[0.795s] -- Installing: /home/rokey/ros2_ws/install/dsr_moveit_config_h2017/share/dsr_moveit_config_h2017/config/ompl_planning.yaml
[0.795s] -- Installing: /home/rokey/ros2_ws/install/dsr_moveit_config_h2017/share/dsr_moveit_config_h2017/config/sensors_3d.yaml
[0.795s] -- Installing: /home/rokey/ros2_ws/install/dsr_moveit_config_h2017/share/dsr_moveit_config_h2017/config/kinematics.yaml
[0.795s] -- Installing: /home/rokey/ros2_ws/install/dsr_moveit_config_h2017/share/dsr_moveit_config_h2017/config/joint_limits.yaml
[0.795s] -- Installing: /home/rokey/ros2_ws/install/dsr_moveit_config_h2017/share/dsr_moveit_config_h2017/.setup_assistant
[0.832s] Invoked command in '/home/rokey/ros2_ws/build/dsr_moveit_config_h2017' returned '0': CMAKE_PREFIX_PATH=/opt/ros/humble /usr/bin/cmake --install /home/rokey/ros2_ws/build/dsr_moveit_config_h2017
