[0.045s] Invoking command in '/home/rokey/ros2_ws/build/dsr_common2': CMAKE_PREFIX_PATH=/opt/ros/humble /usr/bin/cmake /home/rokey/ros2_ws/src/DoosanBootcamp3rd/dsr_common2 -DCMAKE_INSTALL_PREFIX=/home/rokey/ros2_ws/install/dsr_common2
[0.648s] -- The C compiler identification is GNU 11.4.0
[0.649s] -- The CXX compiler identification is GNU 11.4.0
[0.649s] -- Detecting C compiler ABI info
[0.649s] -- Detecting C compiler ABI info - done
[0.649s] -- Check for working C compiler: /usr/bin/cc - skipped
[0.649s] -- Detecting C compile features
[0.649s] -- Detecting C compile features - done
[0.649s] -- Detecting CXX compiler ABI info
[0.649s] -- Detecting CXX compiler ABI info - done
[0.650s] -- Check for working CXX compiler: /usr/bin/c++ - skipped
[0.650s] -- Detecting CXX compile features
[0.650s] -- Detecting CXX compile features - done
[0.650s] -- Found ament_cmake: 1.3.12 (/opt/ros/humble/share/ament_cmake/cmake)
[0.650s] -- Found Python3: /usr/bin/python3 (found version "3.10.12") found components: Interpreter 
[0.746s] -- Configuring done
[0.751s] -- Generating done
[0.752s] -- Build files have been written to: /home/rokey/ros2_ws/build/dsr_common2
[0.762s] Invoked command in '/home/rokey/ros2_ws/build/dsr_common2' returned '0': CMAKE_PREFIX_PATH=/opt/ros/humble /usr/bin/cmake /home/rokey/ros2_ws/src/DoosanBootcamp3rd/dsr_common2 -DCMAKE_INSTALL_PREFIX=/home/rokey/ros2_ws/install/dsr_common2
[0.766s] Invoking command in '/home/rokey/ros2_ws/build/dsr_common2': CMAKE_PREFIX_PATH=/opt/ros/humble /usr/bin/cmake --build /home/rokey/ros2_ws/build/dsr_common2 -- -j16 -l16
[0.806s] Invoked command in '/home/rokey/ros2_ws/build/dsr_common2' returned '0': CMAKE_PREFIX_PATH=/opt/ros/humble /usr/bin/cmake --build /home/rokey/ros2_ws/build/dsr_common2 -- -j16 -l16
[0.808s] Invoking command in '/home/rokey/ros2_ws/build/dsr_common2': CMAKE_PREFIX_PATH=/opt/ros/humble /usr/bin/cmake --install /home/rokey/ros2_ws/build/dsr_common2
[0.813s] -- Install configuration: ""
[0.813s] -- Installing: /home/rokey/ros2_ws/install/dsr_common2/share/ament_index/resource_index/package_run_dependencies/dsr_common2
[0.814s] -- Installing: /home/rokey/ros2_ws/install/dsr_common2/share/ament_index/resource_index/parent_prefix_path/dsr_common2
[0.814s] -- Installing: /home/rokey/ros2_ws/install/dsr_common2/share/dsr_common2/environment/ament_prefix_path.sh
[0.814s] -- Installing: /home/rokey/ros2_ws/install/dsr_common2/share/dsr_common2/environment/ament_prefix_path.dsv
[0.814s] -- Installing: /home/rokey/ros2_ws/install/dsr_common2/share/dsr_common2/environment/path.sh
[0.814s] -- Installing: /home/rokey/ros2_ws/install/dsr_common2/share/dsr_common2/environment/path.dsv
[0.814s] -- Installing: /home/rokey/ros2_ws/install/dsr_common2/share/dsr_common2/local_setup.bash
[0.814s] -- Installing: /home/rokey/ros2_ws/install/dsr_common2/share/dsr_common2/local_setup.sh
[0.814s] -- Installing: /home/rokey/ros2_ws/install/dsr_common2/share/dsr_common2/local_setup.zsh
[0.814s] -- Installing: /home/rokey/ros2_ws/install/dsr_common2/share/dsr_common2/local_setup.dsv
[0.814s] -- Installing: /home/rokey/ros2_ws/install/dsr_common2/share/dsr_common2/package.dsv
[0.814s] -- Installing: /home/rokey/ros2_ws/install/dsr_common2/share/ament_index/resource_index/packages/dsr_common2
[0.814s] -- Installing: /home/rokey/ros2_ws/install/dsr_common2/share/dsr_common2/cmake/dsr_common2Config.cmake
[0.814s] -- Installing: /home/rokey/ros2_ws/install/dsr_common2/share/dsr_common2/cmake/dsr_common2Config-version.cmake
[0.814s] -- Installing: /home/rokey/ros2_ws/install/dsr_common2/share/dsr_common2/package.xml
[0.815s] -- Installing: /home/rokey/ros2_ws/install/dsr_common2/share/dsr_common2/bin
[0.815s] -- Installing: /home/rokey/ros2_ws/install/dsr_common2/share/dsr_common2/bin/run_drcf.sh
[0.815s] -- Installing: /home/rokey/ros2_ws/install/dsr_common2/share/dsr_common2/bin/common2
[0.815s] -- Installing: /home/rokey/ros2_ws/install/dsr_common2/lib/dsr_common2/imp
[0.815s] -- Installing: /home/rokey/ros2_ws/install/dsr_common2/lib/dsr_common2/imp/DR_error2.py
[0.815s] -- Installing: /home/rokey/ros2_ws/install/dsr_common2/lib/dsr_common2/imp/DRFC.py
[0.815s] -- Installing: /home/rokey/ros2_ws/install/dsr_common2/lib/dsr_common2/imp/DSR_ROBOT2.py
[0.815s] -- Installing: /home/rokey/ros2_ws/install/dsr_common2/lib/dsr_common2/imp/DR_tcp_server2.py
[0.815s] -- Installing: /home/rokey/ros2_ws/install/dsr_common2/lib/dsr_common2/imp/DR_tcp_client2.py
[0.815s] -- Installing: /home/rokey/ros2_ws/install/dsr_common2/lib/dsr_common2/imp/DR_common2.py
[0.815s] -- Installing: /home/rokey/ros2_ws/install/dsr_common2/lib/dsr_common2/imp/__init__.py
[0.815s] -- Installing: /home/rokey/ros2_ws/install/dsr_common2/lib/dsr_common2/imp/DSR_util2.py
[0.815s] -- Installing: /home/rokey/ros2_ws/install/dsr_common2/lib/dsr_common2/imp/DR_init.py
[0.877s] Invoked command in '/home/rokey/ros2_ws/build/dsr_common2' returned '0': CMAKE_PREFIX_PATH=/opt/ros/humble /usr/bin/cmake --install /home/rokey/ros2_ws/build/dsr_common2
