[0.042s] Invoking command in '/home/rokey/ros2_ws/build/dsr_moveit_config_a0912': CMAKE_PREFIX_PATH=/opt/ros/humble /usr/bin/cmake /home/rokey/ros2_ws/src/DoosanBootcamp3rd/dsr_moveit2/dsr_moveit_config_a0912 -DCMAKE_INSTALL_PREFIX=/home/rokey/ros2_ws/install/dsr_moveit_config_a0912
[0.646s] -- The C compiler identification is GNU 11.4.0
[0.646s] -- The CXX compiler identification is GNU 11.4.0
[0.646s] -- Detecting C compiler ABI info
[0.647s] -- Detecting C compiler ABI info - done
[0.647s] -- Check for working C compiler: /usr/bin/cc - skipped
[0.647s] -- Detecting C compile features
[0.647s] -- Detecting C compile features - done
[0.647s] -- Detecting CXX compiler ABI info
[0.647s] -- Detecting CXX compiler ABI info - done
[0.647s] -- Check for working CXX compiler: /usr/bin/c++ - skipped
[0.647s] -- Detecting CXX compile features
[0.647s] -- Detecting CXX compile features - done
[0.647s] -- Found ament_cmake: 1.3.12 (/opt/ros/humble/share/ament_cmake/cmake)
[0.647s] -- Found Python3: /usr/bin/python3 (found version "3.10.12") found components: Interpreter 
[0.763s] -- Configuring done
[0.763s] -- Generating done
[0.763s] -- Build files have been written to: /home/rokey/ros2_ws/build/dsr_moveit_config_a0912
[0.767s] Invoked command in '/home/rokey/ros2_ws/build/dsr_moveit_config_a0912' returned '0': CMAKE_PREFIX_PATH=/opt/ros/humble /usr/bin/cmake /home/rokey/ros2_ws/src/DoosanBootcamp3rd/dsr_moveit2/dsr_moveit_config_a0912 -DCMAKE_INSTALL_PREFIX=/home/rokey/ros2_ws/install/dsr_moveit_config_a0912
[0.770s] Invoking command in '/home/rokey/ros2_ws/build/dsr_moveit_config_a0912': CMAKE_PREFIX_PATH=/opt/ros/humble /usr/bin/cmake --build /home/rokey/ros2_ws/build/dsr_moveit_config_a0912 -- -j16 -l16
[0.834s] Invoked command in '/home/rokey/ros2_ws/build/dsr_moveit_config_a0912' returned '0': CMAKE_PREFIX_PATH=/opt/ros/humble /usr/bin/cmake --build /home/rokey/ros2_ws/build/dsr_moveit_config_a0912 -- -j16 -l16
[0.835s] Invoking command in '/home/rokey/ros2_ws/build/dsr_moveit_config_a0912': CMAKE_PREFIX_PATH=/opt/ros/humble /usr/bin/cmake --install /home/rokey/ros2_ws/build/dsr_moveit_config_a0912
[0.861s] -- Install configuration: ""
[0.861s] -- Installing: /home/rokey/ros2_ws/install/dsr_moveit_config_a0912/share/ament_index/resource_index/package_run_dependencies/dsr_moveit_config_a0912
[0.861s] -- Installing: /home/rokey/ros2_ws/install/dsr_moveit_config_a0912/share/ament_index/resource_index/parent_prefix_path/dsr_moveit_config_a0912
[0.861s] -- Installing: /home/rokey/ros2_ws/install/dsr_moveit_config_a0912/share/dsr_moveit_config_a0912/environment/ament_prefix_path.sh
[0.861s] -- Installing: /home/rokey/ros2_ws/install/dsr_moveit_config_a0912/share/dsr_moveit_config_a0912/environment/ament_prefix_path.dsv
[0.861s] -- Installing: /home/rokey/ros2_ws/install/dsr_moveit_config_a0912/share/dsr_moveit_config_a0912/environment/path.sh
[0.861s] -- Installing: /home/rokey/ros2_ws/install/dsr_moveit_config_a0912/share/dsr_moveit_config_a0912/environment/path.dsv
[0.862s] -- Installing: /home/rokey/ros2_ws/install/dsr_moveit_config_a0912/share/dsr_moveit_config_a0912/local_setup.bash
[0.862s] -- Installing: /home/rokey/ros2_ws/install/dsr_moveit_config_a0912/share/dsr_moveit_config_a0912/local_setup.sh
[0.862s] -- Installing: /home/rokey/ros2_ws/install/dsr_moveit_config_a0912/share/dsr_moveit_config_a0912/local_setup.zsh
[0.862s] -- Installing: /home/rokey/ros2_ws/install/dsr_moveit_config_a0912/share/dsr_moveit_config_a0912/local_setup.dsv
[0.862s] -- Installing: /home/rokey/ros2_ws/install/dsr_moveit_config_a0912/share/dsr_moveit_config_a0912/package.dsv
[0.862s] -- Installing: /home/rokey/ros2_ws/install/dsr_moveit_config_a0912/share/ament_index/resource_index/packages/dsr_moveit_config_a0912
[0.862s] -- Installing: /home/rokey/ros2_ws/install/dsr_moveit_config_a0912/share/dsr_moveit_config_a0912/cmake/dsr_moveit_config_a0912Config.cmake
[0.862s] -- Installing: /home/rokey/ros2_ws/install/dsr_moveit_config_a0912/share/dsr_moveit_config_a0912/cmake/dsr_moveit_config_a0912Config-version.cmake
[0.862s] -- Installing: /home/rokey/ros2_ws/install/dsr_moveit_config_a0912/share/dsr_moveit_config_a0912/package.xml
[0.862s] -- Installing: /home/rokey/ros2_ws/install/dsr_moveit_config_a0912/share/dsr_moveit_config_a0912/launch
[0.863s] -- Installing: /home/rokey/ros2_ws/install/dsr_moveit_config_a0912/share/dsr_moveit_config_a0912/launch/moveit.rviz
[0.863s] -- Installing: /home/rokey/ros2_ws/install/dsr_moveit_config_a0912/share/dsr_moveit_config_a0912/launch/demo.launch.py
[0.863s] -- Installing: /home/rokey/ros2_ws/install/dsr_moveit_config_a0912/share/dsr_moveit_config_a0912/launch/start.launch.py
[0.863s] -- Installing: /home/rokey/ros2_ws/install/dsr_moveit_config_a0912/share/dsr_moveit_config_a0912/config
[0.863s] -- Installing: /home/rokey/ros2_ws/install/dsr_moveit_config_a0912/share/dsr_moveit_config_a0912/config/moveit_controllers.yaml
[0.863s] -- Installing: /home/rokey/ros2_ws/install/dsr_moveit_config_a0912/share/dsr_moveit_config_a0912/config/initial_positions.yaml
[0.864s] -- Installing: /home/rokey/ros2_ws/install/dsr_moveit_config_a0912/share/dsr_moveit_config_a0912/config/dsr.srdf
[0.864s] -- Installing: /home/rokey/ros2_ws/install/dsr_moveit_config_a0912/share/dsr_moveit_config_a0912/config/a0912.urdf.xacro
[0.864s] -- Installing: /home/rokey/ros2_ws/install/dsr_moveit_config_a0912/share/dsr_moveit_config_a0912/config/chomp_planning.yaml
[0.864s] -- Installing: /home/rokey/ros2_ws/install/dsr_moveit_config_a0912/share/dsr_moveit_config_a0912/config/pilz_cartesian_limits.yaml
[0.864s] -- Installing: /home/rokey/ros2_ws/install/dsr_moveit_config_a0912/share/dsr_moveit_config_a0912/config/dsr.ros2_control.xacro
[0.864s] -- Installing: /home/rokey/ros2_ws/install/dsr_moveit_config_a0912/share/dsr_moveit_config_a0912/config/ros2_controllers.yaml
[0.865s] -- Installing: /home/rokey/ros2_ws/install/dsr_moveit_config_a0912/share/dsr_moveit_config_a0912/config/ompl_planning.yaml
[0.865s] -- Installing: /home/rokey/ros2_ws/install/dsr_moveit_config_a0912/share/dsr_moveit_config_a0912/config/sensors_3d.yaml
[0.865s] -- Installing: /home/rokey/ros2_ws/install/dsr_moveit_config_a0912/share/dsr_moveit_config_a0912/config/kinematics.yaml
[0.865s] -- Installing: /home/rokey/ros2_ws/install/dsr_moveit_config_a0912/share/dsr_moveit_config_a0912/config/joint_limits.yaml
[0.865s] -- Installing: /home/rokey/ros2_ws/install/dsr_moveit_config_a0912/share/dsr_moveit_config_a0912/.setup_assistant
[0.909s] Invoked command in '/home/rokey/ros2_ws/build/dsr_moveit_config_a0912' returned '0': CMAKE_PREFIX_PATH=/opt/ros/humble /usr/bin/cmake --install /home/rokey/ros2_ws/build/dsr_moveit_config_a0912
