[0.056s] Invoking command in '/home/rokey/ros2_ws/build/dsr_moveit_config_m0617': CMAKE_PREFIX_PATH=/opt/ros/humble /usr/bin/cmake /home/rokey/ros2_ws/src/DoosanBootcamp3rd/dsr_moveit2/dsr_moveit_config_m0617 -DCMAKE_INSTALL_PREFIX=/home/rokey/ros2_ws/install/dsr_moveit_config_m0617
[0.640s] -- The C compiler identification is GNU 11.4.0
[0.640s] -- The CXX compiler identification is GNU 11.4.0
[0.640s] -- Detecting C compiler ABI info
[0.640s] -- Detecting C compiler ABI info - done
[0.641s] -- Check for working C compiler: /usr/bin/cc - skipped
[0.641s] -- Detecting C compile features
[0.641s] -- Detecting C compile features - done
[0.641s] -- Detecting CXX compiler ABI info
[0.641s] -- Detecting CXX compiler ABI info - done
[0.641s] -- Check for working CXX compiler: /usr/bin/c++ - skipped
[0.641s] -- Detecting CXX compile features
[0.641s] -- Detecting CXX compile features - done
[0.641s] -- Found ament_cmake: 1.3.12 (/opt/ros/humble/share/ament_cmake/cmake)
[0.641s] -- Found Python3: /usr/bin/python3 (found version "3.10.12") found components: Interpreter 
[0.753s] -- Configuring done
[0.753s] -- Generating done
[0.754s] -- Build files have been written to: /home/rokey/ros2_ws/build/dsr_moveit_config_m0617
[0.762s] Invoked command in '/home/rokey/ros2_ws/build/dsr_moveit_config_m0617' returned '0': CMAKE_PREFIX_PATH=/opt/ros/humble /usr/bin/cmake /home/rokey/ros2_ws/src/DoosanBootcamp3rd/dsr_moveit2/dsr_moveit_config_m0617 -DCMAKE_INSTALL_PREFIX=/home/rokey/ros2_ws/install/dsr_moveit_config_m0617
[0.763s] Invoking command in '/home/rokey/ros2_ws/build/dsr_moveit_config_m0617': CMAKE_PREFIX_PATH=/opt/ros/humble /usr/bin/cmake --build /home/rokey/ros2_ws/build/dsr_moveit_config_m0617 -- -j16 -l16
[0.840s] Invoked command in '/home/rokey/ros2_ws/build/dsr_moveit_config_m0617' returned '0': CMAKE_PREFIX_PATH=/opt/ros/humble /usr/bin/cmake --build /home/rokey/ros2_ws/build/dsr_moveit_config_m0617 -- -j16 -l16
[0.842s] Invoking command in '/home/rokey/ros2_ws/build/dsr_moveit_config_m0617': CMAKE_PREFIX_PATH=/opt/ros/humble /usr/bin/cmake --install /home/rokey/ros2_ws/build/dsr_moveit_config_m0617
[0.855s] -- Install configuration: ""
[0.855s] -- Installing: /home/rokey/ros2_ws/install/dsr_moveit_config_m0617/share/ament_index/resource_index/package_run_dependencies/dsr_moveit_config_m0617
[0.855s] -- Installing: /home/rokey/ros2_ws/install/dsr_moveit_config_m0617/share/ament_index/resource_index/parent_prefix_path/dsr_moveit_config_m0617
[0.855s] -- Installing: /home/rokey/ros2_ws/install/dsr_moveit_config_m0617/share/dsr_moveit_config_m0617/environment/ament_prefix_path.sh
[0.855s] -- Installing: /home/rokey/ros2_ws/install/dsr_moveit_config_m0617/share/dsr_moveit_config_m0617/environment/ament_prefix_path.dsv
[0.855s] -- Installing: /home/rokey/ros2_ws/install/dsr_moveit_config_m0617/share/dsr_moveit_config_m0617/environment/path.sh
[0.856s] -- Installing: /home/rokey/ros2_ws/install/dsr_moveit_config_m0617/share/dsr_moveit_config_m0617/environment/path.dsv
[0.856s] -- Installing: /home/rokey/ros2_ws/install/dsr_moveit_config_m0617/share/dsr_moveit_config_m0617/local_setup.bash
[0.856s] -- Installing: /home/rokey/ros2_ws/install/dsr_moveit_config_m0617/share/dsr_moveit_config_m0617/local_setup.sh
[0.856s] -- Installing: /home/rokey/ros2_ws/install/dsr_moveit_config_m0617/share/dsr_moveit_config_m0617/local_setup.zsh
[0.856s] -- Installing: /home/rokey/ros2_ws/install/dsr_moveit_config_m0617/share/dsr_moveit_config_m0617/local_setup.dsv
[0.856s] -- Installing: /home/rokey/ros2_ws/install/dsr_moveit_config_m0617/share/dsr_moveit_config_m0617/package.dsv
[0.856s] -- Installing: /home/rokey/ros2_ws/install/dsr_moveit_config_m0617/share/ament_index/resource_index/packages/dsr_moveit_config_m0617
[0.856s] -- Installing: /home/rokey/ros2_ws/install/dsr_moveit_config_m0617/share/dsr_moveit_config_m0617/cmake/dsr_moveit_config_m0617Config.cmake
[0.856s] -- Installing: /home/rokey/ros2_ws/install/dsr_moveit_config_m0617/share/dsr_moveit_config_m0617/cmake/dsr_moveit_config_m0617Config-version.cmake
[0.856s] -- Installing: /home/rokey/ros2_ws/install/dsr_moveit_config_m0617/share/dsr_moveit_config_m0617/package.xml
[0.857s] -- Installing: /home/rokey/ros2_ws/install/dsr_moveit_config_m0617/share/dsr_moveit_config_m0617/launch
[0.857s] -- Installing: /home/rokey/ros2_ws/install/dsr_moveit_config_m0617/share/dsr_moveit_config_m0617/launch/moveit.rviz
[0.857s] -- Installing: /home/rokey/ros2_ws/install/dsr_moveit_config_m0617/share/dsr_moveit_config_m0617/launch/demo.launch.py
[0.857s] -- Installing: /home/rokey/ros2_ws/install/dsr_moveit_config_m0617/share/dsr_moveit_config_m0617/launch/start.launch.py
[0.857s] -- Installing: /home/rokey/ros2_ws/install/dsr_moveit_config_m0617/share/dsr_moveit_config_m0617/config
[0.857s] -- Installing: /home/rokey/ros2_ws/install/dsr_moveit_config_m0617/share/dsr_moveit_config_m0617/config/moveit_controllers.yaml
[0.857s] -- Installing: /home/rokey/ros2_ws/install/dsr_moveit_config_m0617/share/dsr_moveit_config_m0617/config/initial_positions.yaml
[0.857s] -- Installing: /home/rokey/ros2_ws/install/dsr_moveit_config_m0617/share/dsr_moveit_config_m0617/config/dsr.srdf
[0.857s] -- Installing: /home/rokey/ros2_ws/install/dsr_moveit_config_m0617/share/dsr_moveit_config_m0617/config/chomp_planning.yaml
[0.857s] -- Installing: /home/rokey/ros2_ws/install/dsr_moveit_config_m0617/share/dsr_moveit_config_m0617/config/pilz_cartesian_limits.yaml
[0.857s] -- Installing: /home/rokey/ros2_ws/install/dsr_moveit_config_m0617/share/dsr_moveit_config_m0617/config/dsr.ros2_control.xacro
[0.858s] -- Installing: /home/rokey/ros2_ws/install/dsr_moveit_config_m0617/share/dsr_moveit_config_m0617/config/ros2_controllers.yaml
[0.858s] -- Installing: /home/rokey/ros2_ws/install/dsr_moveit_config_m0617/share/dsr_moveit_config_m0617/config/ompl_planning.yaml
[0.858s] -- Installing: /home/rokey/ros2_ws/install/dsr_moveit_config_m0617/share/dsr_moveit_config_m0617/config/sensors_3d.yaml
[0.858s] -- Installing: /home/rokey/ros2_ws/install/dsr_moveit_config_m0617/share/dsr_moveit_config_m0617/config/kinematics.yaml
[0.858s] -- Installing: /home/rokey/ros2_ws/install/dsr_moveit_config_m0617/share/dsr_moveit_config_m0617/config/m0617.urdf.xacro
[0.858s] -- Installing: /home/rokey/ros2_ws/install/dsr_moveit_config_m0617/share/dsr_moveit_config_m0617/config/joint_limits.yaml
[0.858s] -- Installing: /home/rokey/ros2_ws/install/dsr_moveit_config_m0617/share/dsr_moveit_config_m0617/.setup_assistant
[0.907s] Invoked command in '/home/rokey/ros2_ws/build/dsr_moveit_config_m0617' returned '0': CMAKE_PREFIX_PATH=/opt/ros/humble /usr/bin/cmake --install /home/rokey/ros2_ws/build/dsr_moveit_config_m0617
