[0.045s] Invoking command in '/home/rokey/ros2_ws/build/dsr_moveit_config_e0509': CMAKE_PREFIX_PATH=/opt/ros/humble /usr/bin/cmake /home/rokey/ros2_ws/src/DoosanBootcamp3rd/dsr_moveit2/dsr_moveit_config_e0509 -DCMAKE_INSTALL_PREFIX=/home/rokey/ros2_ws/install/dsr_moveit_config_e0509
[0.645s] -- The C compiler identification is GNU 11.4.0
[0.645s] -- The CXX compiler identification is GNU 11.4.0
[0.645s] -- Detecting C compiler ABI info
[0.645s] -- Detecting C compiler ABI info - done
[0.645s] -- Check for working C compiler: /usr/bin/cc - skipped
[0.645s] -- Detecting C compile features
[0.645s] -- Detecting C compile features - done
[0.645s] -- Detecting CXX compiler ABI info
[0.645s] -- Detecting CXX compiler ABI info - done
[0.645s] -- Check for working CXX compiler: /usr/bin/c++ - skipped
[0.646s] -- Detecting CXX compile features
[0.646s] -- Detecting CXX compile features - done
[0.646s] -- Found ament_cmake: 1.3.12 (/opt/ros/humble/share/ament_cmake/cmake)
[0.646s] -- Found Python3: /usr/bin/python3 (found version "3.10.12") found components: Interpreter 
[0.741s] -- Configuring done
[0.742s] -- Generating done
[0.745s] -- Build files have been written to: /home/rokey/ros2_ws/build/dsr_moveit_config_e0509
[0.757s] Invoked command in '/home/rokey/ros2_ws/build/dsr_moveit_config_e0509' returned '0': CMAKE_PREFIX_PATH=/opt/ros/humble /usr/bin/cmake /home/rokey/ros2_ws/src/DoosanBootcamp3rd/dsr_moveit2/dsr_moveit_config_e0509 -DCMAKE_INSTALL_PREFIX=/home/rokey/ros2_ws/install/dsr_moveit_config_e0509
[0.758s] Invoking command in '/home/rokey/ros2_ws/build/dsr_moveit_config_e0509': CMAKE_PREFIX_PATH=/opt/ros/humble /usr/bin/cmake --build /home/rokey/ros2_ws/build/dsr_moveit_config_e0509 -- -j16 -l16
[0.801s] Invoked command in '/home/rokey/ros2_ws/build/dsr_moveit_config_e0509' returned '0': CMAKE_PREFIX_PATH=/opt/ros/humble /usr/bin/cmake --build /home/rokey/ros2_ws/build/dsr_moveit_config_e0509 -- -j16 -l16
[0.803s] Invoking command in '/home/rokey/ros2_ws/build/dsr_moveit_config_e0509': CMAKE_PREFIX_PATH=/opt/ros/humble /usr/bin/cmake --install /home/rokey/ros2_ws/build/dsr_moveit_config_e0509
[0.810s] -- Install configuration: ""
[0.811s] -- Installing: /home/rokey/ros2_ws/install/dsr_moveit_config_e0509/share/ament_index/resource_index/package_run_dependencies/dsr_moveit_config_e0509
[0.811s] -- Installing: /home/rokey/ros2_ws/install/dsr_moveit_config_e0509/share/ament_index/resource_index/parent_prefix_path/dsr_moveit_config_e0509
[0.811s] -- Installing: /home/rokey/ros2_ws/install/dsr_moveit_config_e0509/share/dsr_moveit_config_e0509/environment/ament_prefix_path.sh
[0.811s] -- Installing: /home/rokey/ros2_ws/install/dsr_moveit_config_e0509/share/dsr_moveit_config_e0509/environment/ament_prefix_path.dsv
[0.811s] -- Installing: /home/rokey/ros2_ws/install/dsr_moveit_config_e0509/share/dsr_moveit_config_e0509/environment/path.sh
[0.811s] -- Installing: /home/rokey/ros2_ws/install/dsr_moveit_config_e0509/share/dsr_moveit_config_e0509/environment/path.dsv
[0.811s] -- Installing: /home/rokey/ros2_ws/install/dsr_moveit_config_e0509/share/dsr_moveit_config_e0509/local_setup.bash
[0.812s] -- Installing: /home/rokey/ros2_ws/install/dsr_moveit_config_e0509/share/dsr_moveit_config_e0509/local_setup.sh
[0.812s] -- Installing: /home/rokey/ros2_ws/install/dsr_moveit_config_e0509/share/dsr_moveit_config_e0509/local_setup.zsh
[0.812s] -- Installing: /home/rokey/ros2_ws/install/dsr_moveit_config_e0509/share/dsr_moveit_config_e0509/local_setup.dsv
[0.812s] -- Installing: /home/rokey/ros2_ws/install/dsr_moveit_config_e0509/share/dsr_moveit_config_e0509/package.dsv
[0.813s] -- Installing: /home/rokey/ros2_ws/install/dsr_moveit_config_e0509/share/ament_index/resource_index/packages/dsr_moveit_config_e0509
[0.813s] -- Installing: /home/rokey/ros2_ws/install/dsr_moveit_config_e0509/share/dsr_moveit_config_e0509/cmake/dsr_moveit_config_e0509Config.cmake
[0.813s] -- Installing: /home/rokey/ros2_ws/install/dsr_moveit_config_e0509/share/dsr_moveit_config_e0509/cmake/dsr_moveit_config_e0509Config-version.cmake
[0.815s] -- Installing: /home/rokey/ros2_ws/install/dsr_moveit_config_e0509/share/dsr_moveit_config_e0509/package.xml
[0.815s] -- Installing: /home/rokey/ros2_ws/install/dsr_moveit_config_e0509/share/dsr_moveit_config_e0509/launch
[0.815s] -- Installing: /home/rokey/ros2_ws/install/dsr_moveit_config_e0509/share/dsr_moveit_config_e0509/launch/moveit.rviz
[0.815s] -- Installing: /home/rokey/ros2_ws/install/dsr_moveit_config_e0509/share/dsr_moveit_config_e0509/launch/demo.launch.py
[0.815s] -- Installing: /home/rokey/ros2_ws/install/dsr_moveit_config_e0509/share/dsr_moveit_config_e0509/launch/start.launch.py
[0.815s] -- Installing: /home/rokey/ros2_ws/install/dsr_moveit_config_e0509/share/dsr_moveit_config_e0509/config
[0.815s] -- Installing: /home/rokey/ros2_ws/install/dsr_moveit_config_e0509/share/dsr_moveit_config_e0509/config/e0509.urdf.xacro
[0.815s] -- Installing: /home/rokey/ros2_ws/install/dsr_moveit_config_e0509/share/dsr_moveit_config_e0509/config/moveit_controllers.yaml
[0.815s] -- Installing: /home/rokey/ros2_ws/install/dsr_moveit_config_e0509/share/dsr_moveit_config_e0509/config/initial_positions.yaml
[0.815s] -- Installing: /home/rokey/ros2_ws/install/dsr_moveit_config_e0509/share/dsr_moveit_config_e0509/config/dsr.srdf
[0.816s] -- Installing: /home/rokey/ros2_ws/install/dsr_moveit_config_e0509/share/dsr_moveit_config_e0509/config/chomp_planning.yaml
[0.816s] -- Installing: /home/rokey/ros2_ws/install/dsr_moveit_config_e0509/share/dsr_moveit_config_e0509/config/pilz_cartesian_limits.yaml
[0.816s] -- Installing: /home/rokey/ros2_ws/install/dsr_moveit_config_e0509/share/dsr_moveit_config_e0509/config/dsr.ros2_control.xacro
[0.816s] -- Installing: /home/rokey/ros2_ws/install/dsr_moveit_config_e0509/share/dsr_moveit_config_e0509/config/ros2_controllers.yaml
[0.816s] -- Installing: /home/rokey/ros2_ws/install/dsr_moveit_config_e0509/share/dsr_moveit_config_e0509/config/ompl_planning.yaml
[0.816s] -- Installing: /home/rokey/ros2_ws/install/dsr_moveit_config_e0509/share/dsr_moveit_config_e0509/config/sensors_3d.yaml
[0.816s] -- Installing: /home/rokey/ros2_ws/install/dsr_moveit_config_e0509/share/dsr_moveit_config_e0509/config/kinematics.yaml
[0.817s] -- Installing: /home/rokey/ros2_ws/install/dsr_moveit_config_e0509/share/dsr_moveit_config_e0509/config/joint_limits.yaml
[0.817s] -- Installing: /home/rokey/ros2_ws/install/dsr_moveit_config_e0509/share/dsr_moveit_config_e0509/.setup_assistant
[0.881s] Invoked command in '/home/rokey/ros2_ws/build/dsr_moveit_config_e0509' returned '0': CMAKE_PREFIX_PATH=/opt/ros/humble /usr/bin/cmake --install /home/rokey/ros2_ws/build/dsr_moveit_config_e0509
