-- The C compiler identification is GNU 11.4.0
-- The CXX compiler identification is GNU 11.4.0
-- Detecting C compiler ABI info
-- Detecting C compiler ABI info - done
-- Check for working C compiler: /usr/bin/cc - skipped
-- Detecting C compile features
-- Detecting C compile features - done
-- Detecting CXX compiler ABI info
-- Detecting CXX compiler ABI info - done
-- Check for working CXX compiler: /usr/bin/c++ - skipped
-- Detecting CXX compile features
-- Detecting CXX compile features - done
-- Found ament_cmake: 1.3.12 (/opt/ros/humble/share/ament_cmake/cmake)
-- Found Python3: /usr/bin/python3 (found version "3.10.12") found components: Interpreter 
-- Configuring done
-- Generating done
-- Build files have been written to: /home/rokey/ros2_ws/build/dsr_description2
-- Install configuration: ""
-- Installing: /home/rokey/ros2_ws/install/dsr_description2/share/dsr_description2/environment/dsr_description2_path.dsv
-- Installing: /home/rokey/ros2_ws/install/dsr_description2/share/ament_index/resource_index/package_run_dependencies/dsr_description2
-- Installing: /home/rokey/ros2_ws/install/dsr_description2/share/ament_index/resource_index/parent_prefix_path/dsr_description2
-- Installing: /home/rokey/ros2_ws/install/dsr_description2/share/dsr_description2/environment/ament_prefix_path.sh
-- Installing: /home/rokey/ros2_ws/install/dsr_description2/share/dsr_description2/environment/ament_prefix_path.dsv
-- Installing: /home/rokey/ros2_ws/install/dsr_description2/share/dsr_description2/environment/path.sh
-- Installing: /home/rokey/ros2_ws/install/dsr_description2/share/dsr_description2/environment/path.dsv
-- Installing: /home/rokey/ros2_ws/install/dsr_description2/share/dsr_description2/local_setup.bash
-- Installing: /home/rokey/ros2_ws/install/dsr_description2/share/dsr_description2/local_setup.sh
-- Installing: /home/rokey/ros2_ws/install/dsr_description2/share/dsr_description2/local_setup.zsh
-- Installing: /home/rokey/ros2_ws/install/dsr_description2/share/dsr_description2/local_setup.dsv
-- Installing: /home/rokey/ros2_ws/install/dsr_description2/share/dsr_description2/package.dsv
-- Installing: /home/rokey/ros2_ws/install/dsr_description2/share/ament_index/resource_index/packages/dsr_description2
-- Installing: /home/rokey/ros2_ws/install/dsr_description2/share/dsr_description2/cmake/dsr_description2Config.cmake
-- Installing: /home/rokey/ros2_ws/install/dsr_description2/share/dsr_description2/cmake/dsr_description2Config-version.cmake
-- Installing: /home/rokey/ros2_ws/install/dsr_description2/share/dsr_description2/package.xml
-- Installing: /home/rokey/ros2_ws/install/dsr_description2/share/dsr_description2/meshes
-- Installing: /home/rokey/ros2_ws/install/dsr_description2/share/dsr_description2/meshes/e0509_white
-- Installing: /home/rokey/ros2_ws/install/dsr_description2/share/dsr_description2/meshes/e0509_white/E0509_1_4.dae
-- Installing: /home/rokey/ros2_ws/install/dsr_description2/share/dsr_description2/meshes/e0509_white/E0509_4_1.dae
-- Installing: /home/rokey/ros2_ws/install/dsr_description2/share/dsr_description2/meshes/e0509_white/E0509_1_1.dae
-- Installing: /home/rokey/ros2_ws/install/dsr_description2/share/dsr_description2/meshes/e0509_white/E0509_5_2.dae
-- Installing: /home/rokey/ros2_ws/install/dsr_description2/share/dsr_description2/meshes/e0509_white/E0509_6_1.dae
-- Installing: /home/rokey/ros2_ws/install/dsr_description2/share/dsr_description2/meshes/e0509_white/E0509_1_2.dae
-- Installing: /home/rokey/ros2_ws/install/dsr_description2/share/dsr_description2/meshes/e0509_white/E0509_0_0.dae
-- Installing: /home/rokey/ros2_ws/install/dsr_description2/share/dsr_description2/meshes/e0509_white/E0509_2_1.dae
-- Installing: /home/rokey/ros2_ws/install/dsr_description2/share/dsr_description2/meshes/e0509_white/E0509_2_2.dae
-- Installing: /home/rokey/ros2_ws/install/dsr_description2/share/dsr_description2/meshes/e0509_white/E0509_3_2.dae
-- Installing: /home/rokey/ros2_ws/install/dsr_description2/share/dsr_description2/meshes/e0509_white/E0509_5_1.dae
-- Installing: /home/rokey/ros2_ws/install/dsr_description2/share/dsr_description2/meshes/e0509_white/E0509_4_2.dae
-- Installing: /home/rokey/ros2_ws/install/dsr_description2/share/dsr_description2/meshes/e0509_white/E0509_1_3.dae
-- Installing: /home/rokey/ros2_ws/install/dsr_description2/share/dsr_description2/meshes/e0509_white/E0509_3_1.dae
-- Installing: /home/rokey/ros2_ws/install/dsr_description2/share/dsr_description2/meshes/m0609_blue
-- Installing: /home/rokey/ros2_ws/install/dsr_description2/share/dsr_description2/meshes/m0609_blue/MF0609_6_0.dae
-- Installing: /home/rokey/ros2_ws/install/dsr_description2/share/dsr_description2/meshes/m0609_blue/MF0609_4_0.dae
-- Installing: /home/rokey/ros2_ws/install/dsr_description2/share/dsr_description2/meshes/m0609_blue/MF0609_1_0.dae
-- Installing: /home/rokey/ros2_ws/install/dsr_description2/share/dsr_description2/meshes/m0609_blue/MF0609_5_0.dae
-- Installing: /home/rokey/ros2_ws/install/dsr_description2/share/dsr_description2/meshes/m0609_blue/MF0609_2_2.dae
-- Installing: /home/rokey/ros2_ws/install/dsr_description2/share/dsr_description2/meshes/m0609_blue/MF0609_2_0.dae
-- Installing: /home/rokey/ros2_ws/install/dsr_description2/share/dsr_description2/meshes/m0609_blue/MF0609_0_0.dae
-- Installing: /home/rokey/ros2_ws/install/dsr_description2/share/dsr_description2/meshes/m0609_blue/MF0609_2_1.dae
-- Installing: /home/rokey/ros2_ws/install/dsr_description2/share/dsr_description2/meshes/m0609_blue/MF0609_4_1.dae
-- Installing: /home/rokey/ros2_ws/install/dsr_description2/share/dsr_description2/meshes/m0609_blue/MF0609_3_0.dae
-- Installing: /home/rokey/ros2_ws/install/dsr_description2/share/dsr_description2/meshes/h2515_collision
-- Installing: /home/rokey/ros2_ws/install/dsr_description2/share/dsr_description2/meshes/h2515_collision/H2515_0_0.dae
-- Installing: /home/rokey/ros2_ws/install/dsr_description2/share/dsr_description2/meshes/h2515_collision/H2515_1_0.dae
-- Installing: /home/rokey/ros2_ws/install/dsr_description2/share/dsr_description2/meshes/h2515_collision/H2515_4_1.dae
-- Installing: /home/rokey/ros2_ws/install/dsr_description2/share/dsr_description2/meshes/h2515_collision/H2515_4_0.dae
-- Installing: /home/rokey/ros2_ws/install/dsr_description2/share/dsr_description2/meshes/h2515_collision/H2515_2_2.dae
-- Installing: /home/rokey/ros2_ws/install/dsr_description2/share/dsr_description2/meshes/h2515_collision/H2515_3_0.dae
-- Installing: /home/rokey/ros2_ws/install/dsr_description2/share/dsr_description2/meshes/h2515_collision/H2515_2_1.dae
-- Installing: /home/rokey/ros2_ws/install/dsr_description2/share/dsr_description2/meshes/h2515_collision/H2515_2_0.dae
-- Installing: /home/rokey/ros2_ws/install/dsr_description2/share/dsr_description2/meshes/h2515_collision/H2515_5_0.dae
-- Installing: /home/rokey/ros2_ws/install/dsr_description2/share/dsr_description2/meshes/h2515_collision/H2515_6_0.dae
-- Installing: /home/rokey/ros2_ws/install/dsr_description2/share/dsr_description2/meshes/mobile
-- Installing: /home/rokey/ros2_ws/install/dsr_description2/share/dsr_description2/meshes/mobile/user_rail.dae
-- Installing: /home/rokey/ros2_ws/install/dsr_description2/share/dsr_description2/meshes/mobile/bumper.dae
-- Installing: /home/rokey/ros2_ws/install/dsr_description2/share/dsr_description2/meshes/mobile/top_chassis.dae
-- Installing: /home/rokey/ros2_ws/install/dsr_description2/share/dsr_description2/meshes/mobile/base_link.dae
-- Installing: /home/rokey/ros2_ws/install/dsr_description2/share/dsr_description2/meshes/mobile/top_plate.stl
-- Installing: /home/rokey/ros2_ws/install/dsr_description2/share/dsr_description2/meshes/mobile/wheel.stl
-- Installing: /home/rokey/ros2_ws/install/dsr_description2/share/dsr_description2/meshes/mobile/wheel.dae
-- Installing: /home/rokey/ros2_ws/install/dsr_description2/share/dsr_description2/meshes/mobile/large_top_plate_collision.stl
-- Installing: /home/rokey/ros2_ws/install/dsr_description2/share/dsr_description2/meshes/mobile/top_chassis.stl
-- Installing: /home/rokey/ros2_ws/install/dsr_description2/share/dsr_description2/meshes/mobile/user_rail.stl
-- Installing: /home/rokey/ros2_ws/install/dsr_description2/share/dsr_description2/meshes/mobile/top_plate.dae
-- Installing: /home/rokey/ros2_ws/install/dsr_description2/share/dsr_description2/meshes/mobile/bumper.stl
-- Installing: /home/rokey/ros2_ws/install/dsr_description2/share/dsr_description2/meshes/mobile/base_link.stl
-- Installing: /home/rokey/ros2_ws/install/dsr_description2/share/dsr_description2/meshes/mobile/large_top_plate.dae
-- Installing: /home/rokey/ros2_ws/install/dsr_description2/share/dsr_description2/meshes/m0609_white
-- Installing: /home/rokey/ros2_ws/install/dsr_description2/share/dsr_description2/meshes/m0609_white/MF0609_6_0.dae
-- Installing: /home/rokey/ros2_ws/install/dsr_description2/share/dsr_description2/meshes/m0609_white/MF0609_4_0.dae
-- Installing: /home/rokey/ros2_ws/install/dsr_description2/share/dsr_description2/meshes/m0609_white/MF0609_1_0.dae
-- Installing: /home/rokey/ros2_ws/install/dsr_description2/share/dsr_description2/meshes/m0609_white/MF0609_5_0.dae
-- Installing: /home/rokey/ros2_ws/install/dsr_description2/share/dsr_description2/meshes/m0609_white/MF0609_2_2.dae
-- Installing: /home/rokey/ros2_ws/install/dsr_description2/share/dsr_description2/meshes/m0609_white/MF0609_2_0.dae
-- Installing: /home/rokey/ros2_ws/install/dsr_description2/share/dsr_description2/meshes/m0609_white/MF0609_0_0.dae
-- Installing: /home/rokey/ros2_ws/install/dsr_description2/share/dsr_description2/meshes/m0609_white/MF0609_2_1.dae
-- Installing: /home/rokey/ros2_ws/install/dsr_description2/share/dsr_description2/meshes/m0609_white/MF0609_4_1.dae
-- Installing: /home/rokey/ros2_ws/install/dsr_description2/share/dsr_description2/meshes/m0609_white/MF0609_3_0.dae
-- Installing: /home/rokey/ros2_ws/install/dsr_description2/share/dsr_description2/meshes/m1013_collision
-- Installing: /home/rokey/ros2_ws/install/dsr_description2/share/dsr_description2/meshes/m1013_collision/MF1013_1_0.dae
-- Installing: /home/rokey/ros2_ws/install/dsr_description2/share/dsr_description2/meshes/m1013_collision/MF1013_4_1.dae
-- Installing: /home/rokey/ros2_ws/install/dsr_description2/share/dsr_description2/meshes/m1013_collision/MF1013_3_0.dae
-- Installing: /home/rokey/ros2_ws/install/dsr_description2/share/dsr_description2/meshes/m1013_collision/MF1013_2_2.dae
-- Installing: /home/rokey/ros2_ws/install/dsr_description2/share/dsr_description2/meshes/m1013_collision/MF1013_2_0.dae
-- Installing: /home/rokey/ros2_ws/install/dsr_description2/share/dsr_description2/meshes/m1013_collision/MF1013_4_0.dae
-- Installing: /home/rokey/ros2_ws/install/dsr_description2/share/dsr_description2/meshes/m1013_collision/MF1013_5_0.dae
-- Installing: /home/rokey/ros2_ws/install/dsr_description2/share/dsr_description2/meshes/m1013_collision/MF1013_0_0.dae
-- Installing: /home/rokey/ros2_ws/install/dsr_description2/share/dsr_description2/meshes/m1013_collision/MF1013_2_1.dae
-- Installing: /home/rokey/ros2_ws/install/dsr_description2/share/dsr_description2/meshes/m1013_collision/MF1013_6_0.dae
-- Installing: /home/rokey/ros2_ws/install/dsr_description2/share/dsr_description2/meshes/h2515_blue
-- Installing: /home/rokey/ros2_ws/install/dsr_description2/share/dsr_description2/meshes/h2515_blue/H2515_0_0.dae
-- Installing: /home/rokey/ros2_ws/install/dsr_description2/share/dsr_description2/meshes/h2515_blue/H2515_1_0.dae
-- Installing: /home/rokey/ros2_ws/install/dsr_description2/share/dsr_description2/meshes/h2515_blue/H2515_4_1.dae
-- Installing: /home/rokey/ros2_ws/install/dsr_description2/share/dsr_description2/meshes/h2515_blue/H2515_4_0.dae
-- Installing: /home/rokey/ros2_ws/install/dsr_description2/share/dsr_description2/meshes/h2515_blue/H2515_2_2.dae
-- Installing: /home/rokey/ros2_ws/install/dsr_description2/share/dsr_description2/meshes/h2515_blue/H2515_3_0.dae
-- Installing: /home/rokey/ros2_ws/install/dsr_description2/share/dsr_description2/meshes/h2515_blue/H2515_2_1.dae
-- Installing: /home/rokey/ros2_ws/install/dsr_description2/share/dsr_description2/meshes/h2515_blue/H2515_2_0.dae
-- Installing: /home/rokey/ros2_ws/install/dsr_description2/share/dsr_description2/meshes/h2515_blue/H2515_5_0.dae
-- Installing: /home/rokey/ros2_ws/install/dsr_description2/share/dsr_description2/meshes/h2515_blue/H2515_6_0.dae
-- Installing: /home/rokey/ros2_ws/install/dsr_description2/share/dsr_description2/meshes/m1509_white
-- Installing: /home/rokey/ros2_ws/install/dsr_description2/share/dsr_description2/meshes/m1509_white/MF1509_2_0.dae
-- Installing: /home/rokey/ros2_ws/install/dsr_description2/share/dsr_description2/meshes/m1509_white/MF1509_2_1.dae
-- Installing: /home/rokey/ros2_ws/install/dsr_description2/share/dsr_description2/meshes/m1509_white/MF1509_6_0.dae
-- Installing: /home/rokey/ros2_ws/install/dsr_description2/share/dsr_description2/meshes/m1509_white/MF1509_3_0.dae
-- Installing: /home/rokey/ros2_ws/install/dsr_description2/share/dsr_description2/meshes/m1509_white/MF1509_5_0.dae
-- Installing: /home/rokey/ros2_ws/install/dsr_description2/share/dsr_description2/meshes/m1509_white/MF1509_0_0.dae
-- Installing: /home/rokey/ros2_ws/install/dsr_description2/share/dsr_description2/meshes/m1509_white/MF1509_4_1.dae
-- Installing: /home/rokey/ros2_ws/install/dsr_description2/share/dsr_description2/meshes/m1509_white/MF1509_2_2.dae
-- Installing: /home/rokey/ros2_ws/install/dsr_description2/share/dsr_description2/meshes/m1509_white/MF1509_1_0.dae
-- Installing: /home/rokey/ros2_ws/install/dsr_description2/share/dsr_description2/meshes/m1509_white/MF1509_4_0.dae
-- Installing: /home/rokey/ros2_ws/install/dsr_description2/share/dsr_description2/meshes/e0509_collision
-- Installing: /home/rokey/ros2_ws/install/dsr_description2/share/dsr_description2/meshes/e0509_collision/E0509_1_4.dae
-- Installing: /home/rokey/ros2_ws/install/dsr_description2/share/dsr_description2/meshes/e0509_collision/E0509_4_1.dae
-- Installing: /home/rokey/ros2_ws/install/dsr_description2/share/dsr_description2/meshes/e0509_collision/E0509_1_1.dae
-- Installing: /home/rokey/ros2_ws/install/dsr_description2/share/dsr_description2/meshes/e0509_collision/E0509_5_2.dae
-- Installing: /home/rokey/ros2_ws/install/dsr_description2/share/dsr_description2/meshes/e0509_collision/E0509_6_1.dae
-- Installing: /home/rokey/ros2_ws/install/dsr_description2/share/dsr_description2/meshes/e0509_collision/E0509_1_2.dae
-- Installing: /home/rokey/ros2_ws/install/dsr_description2/share/dsr_description2/meshes/e0509_collision/E0509_0_0.dae
-- Installing: /home/rokey/ros2_ws/install/dsr_description2/share/dsr_description2/meshes/e0509_collision/E0509_2_1.dae
-- Installing: /home/rokey/ros2_ws/install/dsr_description2/share/dsr_description2/meshes/e0509_collision/E0509_2_2.dae
-- Installing: /home/rokey/ros2_ws/install/dsr_description2/share/dsr_description2/meshes/e0509_collision/E0509_3_2.dae
-- Installing: /home/rokey/ros2_ws/install/dsr_description2/share/dsr_description2/meshes/e0509_collision/E0509_5_1.dae
-- Installing: /home/rokey/ros2_ws/install/dsr_description2/share/dsr_description2/meshes/e0509_collision/E0509_4_2.dae
-- Installing: /home/rokey/ros2_ws/install/dsr_description2/share/dsr_description2/meshes/e0509_collision/E0509_1_3.dae
-- Installing: /home/rokey/ros2_ws/install/dsr_description2/share/dsr_description2/meshes/e0509_collision/E0509_3_1.dae
-- Installing: /home/rokey/ros2_ws/install/dsr_description2/share/dsr_description2/meshes/p3020_collision
-- Installing: /home/rokey/ros2_ws/install/dsr_description2/share/dsr_description2/meshes/p3020_collision/3-2.STL
-- Installing: /home/rokey/ros2_ws/install/dsr_description2/share/dsr_description2/meshes/p3020_collision/4-2.STL
-- Installing: /home/rokey/ros2_ws/install/dsr_description2/share/dsr_description2/meshes/p3020_collision/4-4.STL
-- Installing: /home/rokey/ros2_ws/install/dsr_description2/share/dsr_description2/meshes/p3020_collision/3-1.STL
-- Installing: /home/rokey/ros2_ws/install/dsr_description2/share/dsr_description2/meshes/p3020_collision/2-3.STL
-- Installing: /home/rokey/ros2_ws/install/dsr_description2/share/dsr_description2/meshes/p3020_collision/2-4.STL
-- Installing: /home/rokey/ros2_ws/install/dsr_description2/share/dsr_description2/meshes/p3020_collision/3-3.STL
-- Installing: /home/rokey/ros2_ws/install/dsr_description2/share/dsr_description2/meshes/p3020_collision/2-2.STL
-- Installing: /home/rokey/ros2_ws/install/dsr_description2/share/dsr_description2/meshes/p3020_collision/4-3.STL
-- Installing: /home/rokey/ros2_ws/install/dsr_description2/share/dsr_description2/meshes/p3020_collision/3-7.STL
-- Installing: /home/rokey/ros2_ws/install/dsr_description2/share/dsr_description2/meshes/p3020_collision/7.STL
-- Installing: /home/rokey/ros2_ws/install/dsr_description2/share/dsr_description2/meshes/p3020_collision/6-3.STL
-- Installing: /home/rokey/ros2_ws/install/dsr_description2/share/dsr_description2/meshes/p3020_collision/3-6.STL
-- Installing: /home/rokey/ros2_ws/install/dsr_description2/share/dsr_description2/meshes/p3020_collision/4-1.STL
-- Installing: /home/rokey/ros2_ws/install/dsr_description2/share/dsr_description2/meshes/p3020_collision/1.STL
-- Installing: /home/rokey/ros2_ws/install/dsr_description2/share/dsr_description2/meshes/p3020_collision/3-8.STL
-- Installing: /home/rokey/ros2_ws/install/dsr_description2/share/dsr_description2/meshes/p3020_collision/6-1.STL
-- Installing: /home/rokey/ros2_ws/install/dsr_description2/share/dsr_description2/meshes/p3020_collision/3-4.STL
-- Installing: /home/rokey/ros2_ws/install/dsr_description2/share/dsr_description2/meshes/p3020_collision/2-1.STL
-- Installing: /home/rokey/ros2_ws/install/dsr_description2/share/dsr_description2/meshes/p3020_collision/2-5.STL
-- Installing: /home/rokey/ros2_ws/install/dsr_description2/share/dsr_description2/meshes/p3020_collision/3-5.STL
-- Installing: /home/rokey/ros2_ws/install/dsr_description2/share/dsr_description2/meshes/p3020_collision/6-2.STL
-- Installing: /home/rokey/ros2_ws/install/dsr_description2/share/dsr_description2/meshes/h2017_blue
-- Installing: /home/rokey/ros2_ws/install/dsr_description2/share/dsr_description2/meshes/h2017_blue/H2017_5_0.dae
-- Installing: /home/rokey/ros2_ws/install/dsr_description2/share/dsr_description2/meshes/h2017_blue/H2017_3_0.dae
-- Installing: /home/rokey/ros2_ws/install/dsr_description2/share/dsr_description2/meshes/h2017_blue/H2017_4_0.dae
-- Installing: /home/rokey/ros2_ws/install/dsr_description2/share/dsr_description2/meshes/h2017_blue/H2017_2_0.dae
-- Installing: /home/rokey/ros2_ws/install/dsr_description2/share/dsr_description2/meshes/h2017_blue/H2017_1_0.dae
-- Installing: /home/rokey/ros2_ws/install/dsr_description2/share/dsr_description2/meshes/h2017_blue/H2017_2_2.dae
-- Installing: /home/rokey/ros2_ws/install/dsr_description2/share/dsr_description2/meshes/h2017_blue/H2017_4_1.dae
-- Installing: /home/rokey/ros2_ws/install/dsr_description2/share/dsr_description2/meshes/h2017_blue/H2017_6_0.dae
-- Installing: /home/rokey/ros2_ws/install/dsr_description2/share/dsr_description2/meshes/h2017_blue/H2017_0_0.dae
-- Installing: /home/rokey/ros2_ws/install/dsr_description2/share/dsr_description2/meshes/h2017_blue/H2017_2_1.dae
-- Installing: /home/rokey/ros2_ws/install/dsr_description2/share/dsr_description2/meshes/m1013_blue
-- Installing: /home/rokey/ros2_ws/install/dsr_description2/share/dsr_description2/meshes/m1013_blue/MF1013_1_0.dae
-- Installing: /home/rokey/ros2_ws/install/dsr_description2/share/dsr_description2/meshes/m1013_blue/MF1013_4_1.dae
-- Installing: /home/rokey/ros2_ws/install/dsr_description2/share/dsr_description2/meshes/m1013_blue/MF1013_3_0.dae
-- Installing: /home/rokey/ros2_ws/install/dsr_description2/share/dsr_description2/meshes/m1013_blue/MF1013_2_2.dae
-- Installing: /home/rokey/ros2_ws/install/dsr_description2/share/dsr_description2/meshes/m1013_blue/MF1013_2_0.dae
-- Installing: /home/rokey/ros2_ws/install/dsr_description2/share/dsr_description2/meshes/m1013_blue/MF1013_4_0.dae
-- Installing: /home/rokey/ros2_ws/install/dsr_description2/share/dsr_description2/meshes/m1013_blue/MF1013_5_0.dae
-- Installing: /home/rokey/ros2_ws/install/dsr_description2/share/dsr_description2/meshes/m1013_blue/MF1013_0_0.dae
-- Installing: /home/rokey/ros2_ws/install/dsr_description2/share/dsr_description2/meshes/m1013_blue/MF1013_2_1.dae
-- Installing: /home/rokey/ros2_ws/install/dsr_description2/share/dsr_description2/meshes/m1013_blue/MF1013_6_0.dae
-- Installing: /home/rokey/ros2_ws/install/dsr_description2/share/dsr_description2/meshes/m1509_blue
-- Installing: /home/rokey/ros2_ws/install/dsr_description2/share/dsr_description2/meshes/m1509_blue/MF1509_2_0.dae
-- Installing: /home/rokey/ros2_ws/install/dsr_description2/share/dsr_description2/meshes/m1509_blue/MF1509_2_1.dae
-- Installing: /home/rokey/ros2_ws/install/dsr_description2/share/dsr_description2/meshes/m1509_blue/MF1509_6_0.dae
-- Installing: /home/rokey/ros2_ws/install/dsr_description2/share/dsr_description2/meshes/m1509_blue/MF1509_3_0.dae
-- Installing: /home/rokey/ros2_ws/install/dsr_description2/share/dsr_description2/meshes/m1509_blue/MF1509_5_0.dae
-- Installing: /home/rokey/ros2_ws/install/dsr_description2/share/dsr_description2/meshes/m1509_blue/MF1509_0_0.dae
-- Installing: /home/rokey/ros2_ws/install/dsr_description2/share/dsr_description2/meshes/m1509_blue/MF1509_4_1.dae
-- Installing: /home/rokey/ros2_ws/install/dsr_description2/share/dsr_description2/meshes/m1509_blue/MF1509_2_2.dae
-- Installing: /home/rokey/ros2_ws/install/dsr_description2/share/dsr_description2/meshes/m1509_blue/MF1509_1_0.dae
-- Installing: /home/rokey/ros2_ws/install/dsr_description2/share/dsr_description2/meshes/m1509_blue/MF1509_4_0.dae
-- Installing: /home/rokey/ros2_ws/install/dsr_description2/share/dsr_description2/meshes/h2515_white
-- Installing: /home/rokey/ros2_ws/install/dsr_description2/share/dsr_description2/meshes/h2515_white/H2515_0_0.dae
-- Installing: /home/rokey/ros2_ws/install/dsr_description2/share/dsr_description2/meshes/h2515_white/H2515_1_0.dae
-- Installing: /home/rokey/ros2_ws/install/dsr_description2/share/dsr_description2/meshes/h2515_white/H2515_4_1.dae
-- Installing: /home/rokey/ros2_ws/install/dsr_description2/share/dsr_description2/meshes/h2515_white/H2515_4_0.dae
-- Installing: /home/rokey/ros2_ws/install/dsr_description2/share/dsr_description2/meshes/h2515_white/H2515_2_2.dae
-- Installing: /home/rokey/ros2_ws/install/dsr_description2/share/dsr_description2/meshes/h2515_white/H2515_3_0.dae
-- Installing: /home/rokey/ros2_ws/install/dsr_description2/share/dsr_description2/meshes/h2515_white/H2515_2_1.dae
-- Installing: /home/rokey/ros2_ws/install/dsr_description2/share/dsr_description2/meshes/h2515_white/H2515_2_0.dae
-- Installing: /home/rokey/ros2_ws/install/dsr_description2/share/dsr_description2/meshes/h2515_white/H2515_5_0.dae
-- Installing: /home/rokey/ros2_ws/install/dsr_description2/share/dsr_description2/meshes/h2515_white/H2515_6_0.dae
-- Installing: /home/rokey/ros2_ws/install/dsr_description2/share/dsr_description2/meshes/h2017_white
-- Installing: /home/rokey/ros2_ws/install/dsr_description2/share/dsr_description2/meshes/h2017_white/H2017_5_0.dae
-- Installing: /home/rokey/ros2_ws/install/dsr_description2/share/dsr_description2/meshes/h2017_white/H2017_3_0.dae
-- Installing: /home/rokey/ros2_ws/install/dsr_description2/share/dsr_description2/meshes/h2017_white/H2017_4_0.dae
-- Installing: /home/rokey/ros2_ws/install/dsr_description2/share/dsr_description2/meshes/h2017_white/H2017_2_0.dae
-- Installing: /home/rokey/ros2_ws/install/dsr_description2/share/dsr_description2/meshes/h2017_white/H2017_1_0.dae
-- Installing: /home/rokey/ros2_ws/install/dsr_description2/share/dsr_description2/meshes/h2017_white/H2017_2_2.dae
-- Installing: /home/rokey/ros2_ws/install/dsr_description2/share/dsr_description2/meshes/h2017_white/H2017_4_1.dae
-- Installing: /home/rokey/ros2_ws/install/dsr_description2/share/dsr_description2/meshes/h2017_white/H2017_6_0.dae
-- Installing: /home/rokey/ros2_ws/install/dsr_description2/share/dsr_description2/meshes/h2017_white/H2017_0_0.dae
-- Installing: /home/rokey/ros2_ws/install/dsr_description2/share/dsr_description2/meshes/h2017_white/H2017_2_1.dae
-- Installing: /home/rokey/ros2_ws/install/dsr_description2/share/dsr_description2/meshes/h2017_collision
-- Installing: /home/rokey/ros2_ws/install/dsr_description2/share/dsr_description2/meshes/h2017_collision/H2017_5_0.dae
-- Installing: /home/rokey/ros2_ws/install/dsr_description2/share/dsr_description2/meshes/h2017_collision/H2017_3_0.dae
-- Installing: /home/rokey/ros2_ws/install/dsr_description2/share/dsr_description2/meshes/h2017_collision/H2017_4_0.dae
-- Installing: /home/rokey/ros2_ws/install/dsr_description2/share/dsr_description2/meshes/h2017_collision/H2017_2_0.dae
-- Installing: /home/rokey/ros2_ws/install/dsr_description2/share/dsr_description2/meshes/h2017_collision/H2017_1_0.dae
-- Installing: /home/rokey/ros2_ws/install/dsr_description2/share/dsr_description2/meshes/h2017_collision/H2017_2_2.dae
-- Installing: /home/rokey/ros2_ws/install/dsr_description2/share/dsr_description2/meshes/h2017_collision/H2017_4_1.dae
-- Installing: /home/rokey/ros2_ws/install/dsr_description2/share/dsr_description2/meshes/h2017_collision/H2017_6_0.dae
-- Installing: /home/rokey/ros2_ws/install/dsr_description2/share/dsr_description2/meshes/h2017_collision/H2017_0_0.dae
-- Installing: /home/rokey/ros2_ws/install/dsr_description2/share/dsr_description2/meshes/h2017_collision/H2017_2_1.dae
-- Installing: /home/rokey/ros2_ws/install/dsr_description2/share/dsr_description2/meshes/m0617_collision
-- Installing: /home/rokey/ros2_ws/install/dsr_description2/share/dsr_description2/meshes/m0617_collision/MF0617_4_0.dae
-- Installing: /home/rokey/ros2_ws/install/dsr_description2/share/dsr_description2/meshes/m0617_collision/MF0617_3_0.dae
-- Installing: /home/rokey/ros2_ws/install/dsr_description2/share/dsr_description2/meshes/m0617_collision/MF0617_2_2.dae
-- Installing: /home/rokey/ros2_ws/install/dsr_description2/share/dsr_description2/meshes/m0617_collision/MF0617_2_0.dae
-- Installing: /home/rokey/ros2_ws/install/dsr_description2/share/dsr_description2/meshes/m0617_collision/MF0617_0_0.dae
-- Installing: /home/rokey/ros2_ws/install/dsr_description2/share/dsr_description2/meshes/m0617_collision/MF0617_4_1.dae
-- Installing: /home/rokey/ros2_ws/install/dsr_description2/share/dsr_description2/meshes/m0617_collision/MF0617_5_0.dae
-- Installing: /home/rokey/ros2_ws/install/dsr_description2/share/dsr_description2/meshes/m0617_collision/MF0617_1_0.dae
-- Installing: /home/rokey/ros2_ws/install/dsr_description2/share/dsr_description2/meshes/m0617_collision/MF0617_2_1.dae
-- Installing: /home/rokey/ros2_ws/install/dsr_description2/share/dsr_description2/meshes/m0617_collision/MF0617_6_0.dae
-- Installing: /home/rokey/ros2_ws/install/dsr_description2/share/dsr_description2/meshes/gripper
-- Installing: /home/rokey/ros2_ws/install/dsr_description2/share/dsr_description2/meshes/gripper/robotiq
-- Installing: /home/rokey/ros2_ws/install/dsr_description2/share/dsr_description2/meshes/gripper/robotiq/85_2f
-- Installing: /home/rokey/ros2_ws/install/dsr_description2/share/dsr_description2/meshes/gripper/robotiq/85_2f/robotiq_85_coupler.stl
-- Installing: /home/rokey/ros2_ws/install/dsr_description2/share/dsr_description2/meshes/gripper/robotiq/85_2f/collision
-- Installing: /home/rokey/ros2_ws/install/dsr_description2/share/dsr_description2/meshes/gripper/robotiq/85_2f/collision/robotiq_85_base_link.stl
-- Installing: /home/rokey/ros2_ws/install/dsr_description2/share/dsr_description2/meshes/gripper/robotiq/85_2f/collision/robotiq_85_inner_knuckle_link.stl
-- Installing: /home/rokey/ros2_ws/install/dsr_description2/share/dsr_description2/meshes/gripper/robotiq/85_2f/collision/robotiq_85_finger_link.stl
-- Installing: /home/rokey/ros2_ws/install/dsr_description2/share/dsr_description2/meshes/gripper/robotiq/85_2f/collision/robotiq_85_knuckle_link.stl
-- Installing: /home/rokey/ros2_ws/install/dsr_description2/share/dsr_description2/meshes/gripper/robotiq/85_2f/collision/robotiq_85_finger_tip_link.stl
-- Installing: /home/rokey/ros2_ws/install/dsr_description2/share/dsr_description2/meshes/gripper/robotiq/85_2f/visual
-- Installing: /home/rokey/ros2_ws/install/dsr_description2/share/dsr_description2/meshes/gripper/robotiq/85_2f/visual/robotiq_85_finger_link.dae
-- Installing: /home/rokey/ros2_ws/install/dsr_description2/share/dsr_description2/meshes/gripper/robotiq/85_2f/visual/robotiq_85_finger_tip_link.dae
-- Installing: /home/rokey/ros2_ws/install/dsr_description2/share/dsr_description2/meshes/gripper/robotiq/85_2f/visual/robotiq_85_inner_knuckle_link.dae
-- Installing: /home/rokey/ros2_ws/install/dsr_description2/share/dsr_description2/meshes/gripper/robotiq/85_2f/visual/robotiq_85_base_link.dae
-- Installing: /home/rokey/ros2_ws/install/dsr_description2/share/dsr_description2/meshes/gripper/robotiq/85_2f/visual/robotiq_85_knuckle_link.dae
-- Installing: /home/rokey/ros2_ws/install/dsr_description2/share/dsr_description2/meshes/a0509_collision
-- Installing: /home/rokey/ros2_ws/install/dsr_description2/share/dsr_description2/meshes/a0509_collision/A0509_2_2.dae
-- Installing: /home/rokey/ros2_ws/install/dsr_description2/share/dsr_description2/meshes/a0509_collision/A0509_2_0.dae
-- Installing: /home/rokey/ros2_ws/install/dsr_description2/share/dsr_description2/meshes/a0509_collision/A0509_3_1.dae
-- Installing: /home/rokey/ros2_ws/install/dsr_description2/share/dsr_description2/meshes/a0509_collision/A0509_5_0.dae
-- Installing: /home/rokey/ros2_ws/install/dsr_description2/share/dsr_description2/meshes/a0509_collision/A0509_1_2.dae
-- Installing: /home/rokey/ros2_ws/install/dsr_description2/share/dsr_description2/meshes/a0509_collision/A0509_3_0.dae
-- Installing: /home/rokey/ros2_ws/install/dsr_description2/share/dsr_description2/meshes/a0509_collision/A0509_6_0.dae
-- Installing: /home/rokey/ros2_ws/install/dsr_description2/share/dsr_description2/meshes/a0509_collision/A0509_4_0.dae
-- Installing: /home/rokey/ros2_ws/install/dsr_description2/share/dsr_description2/meshes/a0509_collision/A0509_2_1.dae
-- Installing: /home/rokey/ros2_ws/install/dsr_description2/share/dsr_description2/meshes/a0509_collision/A0509_1_0.dae
-- Installing: /home/rokey/ros2_ws/install/dsr_description2/share/dsr_description2/meshes/a0509_collision/A0509_1_1.dae
-- Installing: /home/rokey/ros2_ws/install/dsr_description2/share/dsr_description2/meshes/a0509_collision/A0509_0_0.dae
-- Installing: /home/rokey/ros2_ws/install/dsr_description2/share/dsr_description2/meshes/a0509_collision/A0509_5_1.dae
-- Installing: /home/rokey/ros2_ws/install/dsr_description2/share/dsr_description2/meshes/a0509_collision/A0509_4_1.dae
-- Installing: /home/rokey/ros2_ws/install/dsr_description2/share/dsr_description2/meshes/a0509_blue
-- Installing: /home/rokey/ros2_ws/install/dsr_description2/share/dsr_description2/meshes/a0509_blue/A0509_2_2.dae
-- Installing: /home/rokey/ros2_ws/install/dsr_description2/share/dsr_description2/meshes/a0509_blue/A0509_2_0.dae
-- Installing: /home/rokey/ros2_ws/install/dsr_description2/share/dsr_description2/meshes/a0509_blue/A0509_3_1.dae
-- Installing: /home/rokey/ros2_ws/install/dsr_description2/share/dsr_description2/meshes/a0509_blue/A0509_5_0.dae
-- Installing: /home/rokey/ros2_ws/install/dsr_description2/share/dsr_description2/meshes/a0509_blue/A0509_1_2.dae
-- Installing: /home/rokey/ros2_ws/install/dsr_description2/share/dsr_description2/meshes/a0509_blue/A0509_3_0.dae
-- Installing: /home/rokey/ros2_ws/install/dsr_description2/share/dsr_description2/meshes/a0509_blue/A0509_6_0.dae
-- Installing: /home/rokey/ros2_ws/install/dsr_description2/share/dsr_description2/meshes/a0509_blue/A0509_4_0.dae
-- Installing: /home/rokey/ros2_ws/install/dsr_description2/share/dsr_description2/meshes/a0509_blue/A0509_2_1.dae
-- Installing: /home/rokey/ros2_ws/install/dsr_description2/share/dsr_description2/meshes/a0509_blue/A0509_1_0.dae
-- Installing: /home/rokey/ros2_ws/install/dsr_description2/share/dsr_description2/meshes/a0509_blue/A0509_1_1.dae
-- Installing: /home/rokey/ros2_ws/install/dsr_description2/share/dsr_description2/meshes/a0509_blue/A0509_0_0.dae
-- Installing: /home/rokey/ros2_ws/install/dsr_description2/share/dsr_description2/meshes/a0509_blue/A0509_5_1.dae
-- Installing: /home/rokey/ros2_ws/install/dsr_description2/share/dsr_description2/meshes/a0509_blue/A0509_4_1.dae
-- Installing: /home/rokey/ros2_ws/install/dsr_description2/share/dsr_description2/meshes/a0509_white
-- Installing: /home/rokey/ros2_ws/install/dsr_description2/share/dsr_description2/meshes/a0509_white/A0509_2_2.dae
-- Installing: /home/rokey/ros2_ws/install/dsr_description2/share/dsr_description2/meshes/a0509_white/A0509_2_0.dae
-- Installing: /home/rokey/ros2_ws/install/dsr_description2/share/dsr_description2/meshes/a0509_white/A0509_3_1.dae
-- Installing: /home/rokey/ros2_ws/install/dsr_description2/share/dsr_description2/meshes/a0509_white/A0509_5_0.dae
-- Installing: /home/rokey/ros2_ws/install/dsr_description2/share/dsr_description2/meshes/a0509_white/A0509_1_2.dae
-- Installing: /home/rokey/ros2_ws/install/dsr_description2/share/dsr_description2/meshes/a0509_white/A0509_3_0.dae
-- Installing: /home/rokey/ros2_ws/install/dsr_description2/share/dsr_description2/meshes/a0509_white/A0509_6_0.dae
-- Installing: /home/rokey/ros2_ws/install/dsr_description2/share/dsr_description2/meshes/a0509_white/A0509_4_0.dae
-- Installing: /home/rokey/ros2_ws/install/dsr_description2/share/dsr_description2/meshes/a0509_white/A0509_2_1.dae
-- Installing: /home/rokey/ros2_ws/install/dsr_description2/share/dsr_description2/meshes/a0509_white/A0509_1_0.dae
-- Installing: /home/rokey/ros2_ws/install/dsr_description2/share/dsr_description2/meshes/a0509_white/A0509_1_1.dae
-- Installing: /home/rokey/ros2_ws/install/dsr_description2/share/dsr_description2/meshes/a0509_white/A0509_0_0.dae
-- Installing: /home/rokey/ros2_ws/install/dsr_description2/share/dsr_description2/meshes/a0509_white/A0509_5_1.dae
-- Installing: /home/rokey/ros2_ws/install/dsr_description2/share/dsr_description2/meshes/a0509_white/A0509_4_1.dae
-- Installing: /home/rokey/ros2_ws/install/dsr_description2/share/dsr_description2/meshes/m1013_white
-- Installing: /home/rokey/ros2_ws/install/dsr_description2/share/dsr_description2/meshes/m1013_white/MF1013_1_0.dae
-- Installing: /home/rokey/ros2_ws/install/dsr_description2/share/dsr_description2/meshes/m1013_white/MF1013_4_1.dae
-- Installing: /home/rokey/ros2_ws/install/dsr_description2/share/dsr_description2/meshes/m1013_white/MF1013_3_0.dae
-- Installing: /home/rokey/ros2_ws/install/dsr_description2/share/dsr_description2/meshes/m1013_white/MF1013_2_2.dae
-- Installing: /home/rokey/ros2_ws/install/dsr_description2/share/dsr_description2/meshes/m1013_white/MF1013_2_0.dae
-- Installing: /home/rokey/ros2_ws/install/dsr_description2/share/dsr_description2/meshes/m1013_white/MF1013_4_0.dae
-- Installing: /home/rokey/ros2_ws/install/dsr_description2/share/dsr_description2/meshes/m1013_white/MF1013_5_0.dae
-- Installing: /home/rokey/ros2_ws/install/dsr_description2/share/dsr_description2/meshes/m1013_white/MF1013_0_0.dae
-- Installing: /home/rokey/ros2_ws/install/dsr_description2/share/dsr_description2/meshes/m1013_white/MF1013_2_1.dae
-- Installing: /home/rokey/ros2_ws/install/dsr_description2/share/dsr_description2/meshes/m1013_white/MF1013_6_0.dae
-- Installing: /home/rokey/ros2_ws/install/dsr_description2/share/dsr_description2/meshes/a0912_blue
-- Installing: /home/rokey/ros2_ws/install/dsr_description2/share/dsr_description2/meshes/a0912_blue/A0912_6_0.dae
-- Installing: /home/rokey/ros2_ws/install/dsr_description2/share/dsr_description2/meshes/a0912_blue/A0912_2_1.dae
-- Installing: /home/rokey/ros2_ws/install/dsr_description2/share/dsr_description2/meshes/a0912_blue/A0912_5_0.dae
-- Installing: /home/rokey/ros2_ws/install/dsr_description2/share/dsr_description2/meshes/a0912_blue/A0912_2_2.dae
-- Installing: /home/rokey/ros2_ws/install/dsr_description2/share/dsr_description2/meshes/a0912_blue/A0912_3_0.dae
-- Installing: /home/rokey/ros2_ws/install/dsr_description2/share/dsr_description2/meshes/a0912_blue/A0912_4_0.dae
-- Installing: /home/rokey/ros2_ws/install/dsr_description2/share/dsr_description2/meshes/a0912_blue/A0912_2_0.dae
-- Installing: /home/rokey/ros2_ws/install/dsr_description2/share/dsr_description2/meshes/a0912_blue/A0912_1_1.dae
-- Installing: /home/rokey/ros2_ws/install/dsr_description2/share/dsr_description2/meshes/a0912_blue/A0912_5_1.dae
-- Installing: /home/rokey/ros2_ws/install/dsr_description2/share/dsr_description2/meshes/a0912_blue/A0912_1_0.dae
-- Installing: /home/rokey/ros2_ws/install/dsr_description2/share/dsr_description2/meshes/a0912_blue/A0912_0_0.dae
-- Installing: /home/rokey/ros2_ws/install/dsr_description2/share/dsr_description2/meshes/a0912_blue/A0912_4_1.dae
-- Installing: /home/rokey/ros2_ws/install/dsr_description2/share/dsr_description2/meshes/a0912_blue/A0912_3_1.dae
-- Installing: /home/rokey/ros2_ws/install/dsr_description2/share/dsr_description2/meshes/a0912_blue/A0912_1_2.dae
-- Installing: /home/rokey/ros2_ws/install/dsr_description2/share/dsr_description2/meshes/p3020
-- Installing: /home/rokey/ros2_ws/install/dsr_description2/share/dsr_description2/meshes/p3020/P3020_5_3.STL
-- Installing: /home/rokey/ros2_ws/install/dsr_description2/share/dsr_description2/meshes/p3020/P3020_2_4.STL
-- Installing: /home/rokey/ros2_ws/install/dsr_description2/share/dsr_description2/meshes/p3020/P3020_3_4.STL
-- Installing: /home/rokey/ros2_ws/install/dsr_description2/share/dsr_description2/meshes/p3020/P3020_2_5.STL
-- Installing: /home/rokey/ros2_ws/install/dsr_description2/share/dsr_description2/meshes/p3020/P3020_1_1.STL
-- Installing: /home/rokey/ros2_ws/install/dsr_description2/share/dsr_description2/meshes/p3020/P3020_6_1.STL
-- Installing: /home/rokey/ros2_ws/install/dsr_description2/share/dsr_description2/meshes/p3020/P3020_2_7.STL
-- Installing: /home/rokey/ros2_ws/install/dsr_description2/share/dsr_description2/meshes/p3020/P3020_2_6.STL
-- Installing: /home/rokey/ros2_ws/install/dsr_description2/share/dsr_description2/meshes/p3020/P3020_1_4.STL
-- Installing: /home/rokey/ros2_ws/install/dsr_description2/share/dsr_description2/meshes/p3020/P3020_1_3.STL
-- Installing: /home/rokey/ros2_ws/install/dsr_description2/share/dsr_description2/meshes/p3020/P3020_3_3.STL
-- Installing: /home/rokey/ros2_ws/install/dsr_description2/share/dsr_description2/meshes/p3020/P3020_1_2.STL
-- Installing: /home/rokey/ros2_ws/install/dsr_description2/share/dsr_description2/meshes/p3020/P3020_3_1.STL
-- Installing: /home/rokey/ros2_ws/install/dsr_description2/share/dsr_description2/meshes/p3020/P3020_3_2.STL
-- Installing: /home/rokey/ros2_ws/install/dsr_description2/share/dsr_description2/meshes/p3020/P3020_2_8.STL
-- Installing: /home/rokey/ros2_ws/install/dsr_description2/share/dsr_description2/meshes/p3020/P3020_2_3.STL
-- Installing: /home/rokey/ros2_ws/install/dsr_description2/share/dsr_description2/meshes/p3020/P3020_0_1.STL
-- Installing: /home/rokey/ros2_ws/install/dsr_description2/share/dsr_description2/meshes/p3020/P3020_5_2.STL
-- Installing: /home/rokey/ros2_ws/install/dsr_description2/share/dsr_description2/meshes/p3020/P3020_5_1.STL
-- Installing: /home/rokey/ros2_ws/install/dsr_description2/share/dsr_description2/meshes/p3020/P3020_2_2.STL
-- Installing: /home/rokey/ros2_ws/install/dsr_description2/share/dsr_description2/meshes/p3020/P3020_2_1.STL
-- Installing: /home/rokey/ros2_ws/install/dsr_description2/share/dsr_description2/meshes/p3020/P3020_1_5.STL
-- Installing: /home/rokey/ros2_ws/install/dsr_description2/share/dsr_description2/meshes/a0912_white
-- Installing: /home/rokey/ros2_ws/install/dsr_description2/share/dsr_description2/meshes/a0912_white/A0912_6_0.dae
-- Installing: /home/rokey/ros2_ws/install/dsr_description2/share/dsr_description2/meshes/a0912_white/A0912_2_1.dae
-- Installing: /home/rokey/ros2_ws/install/dsr_description2/share/dsr_description2/meshes/a0912_white/A0912_5_0.dae
-- Installing: /home/rokey/ros2_ws/install/dsr_description2/share/dsr_description2/meshes/a0912_white/A0912_2_2.dae
-- Installing: /home/rokey/ros2_ws/install/dsr_description2/share/dsr_description2/meshes/a0912_white/A0912_3_0.dae
-- Installing: /home/rokey/ros2_ws/install/dsr_description2/share/dsr_description2/meshes/a0912_white/A0912_4_0.dae
-- Installing: /home/rokey/ros2_ws/install/dsr_description2/share/dsr_description2/meshes/a0912_white/A0912_2_0.dae
-- Installing: /home/rokey/ros2_ws/install/dsr_description2/share/dsr_description2/meshes/a0912_white/A0912_1_1.dae
-- Installing: /home/rokey/ros2_ws/install/dsr_description2/share/dsr_description2/meshes/a0912_white/A0912_5_1.dae
-- Installing: /home/rokey/ros2_ws/install/dsr_description2/share/dsr_description2/meshes/a0912_white/A0912_1_0.dae
-- Installing: /home/rokey/ros2_ws/install/dsr_description2/share/dsr_description2/meshes/a0912_white/A0912_0_0.dae
-- Installing: /home/rokey/ros2_ws/install/dsr_description2/share/dsr_description2/meshes/a0912_white/A0912_4_1.dae
-- Installing: /home/rokey/ros2_ws/install/dsr_description2/share/dsr_description2/meshes/a0912_white/A0912_3_1.dae
-- Installing: /home/rokey/ros2_ws/install/dsr_description2/share/dsr_description2/meshes/a0912_white/A0912_1_2.dae
-- Installing: /home/rokey/ros2_ws/install/dsr_description2/share/dsr_description2/meshes/m1509_collision
-- Installing: /home/rokey/ros2_ws/install/dsr_description2/share/dsr_description2/meshes/m1509_collision/MF1509_2_0.dae
-- Installing: /home/rokey/ros2_ws/install/dsr_description2/share/dsr_description2/meshes/m1509_collision/MF1509_2_1.dae
-- Installing: /home/rokey/ros2_ws/install/dsr_description2/share/dsr_description2/meshes/m1509_collision/MF1509_6_0.dae
-- Installing: /home/rokey/ros2_ws/install/dsr_description2/share/dsr_description2/meshes/m1509_collision/MF1509_3_0.dae
-- Installing: /home/rokey/ros2_ws/install/dsr_description2/share/dsr_description2/meshes/m1509_collision/MF1509_5_0.dae
-- Installing: /home/rokey/ros2_ws/install/dsr_description2/share/dsr_description2/meshes/m1509_collision/MF1509_0_0.dae
-- Installing: /home/rokey/ros2_ws/install/dsr_description2/share/dsr_description2/meshes/m1509_collision/MF1509_4_1.dae
-- Installing: /home/rokey/ros2_ws/install/dsr_description2/share/dsr_description2/meshes/m1509_collision/MF1509_2_2.dae
-- Installing: /home/rokey/ros2_ws/install/dsr_description2/share/dsr_description2/meshes/m1509_collision/MF1509_1_0.dae
-- Installing: /home/rokey/ros2_ws/install/dsr_description2/share/dsr_description2/meshes/m1509_collision/MF1509_4_0.dae
-- Installing: /home/rokey/ros2_ws/install/dsr_description2/share/dsr_description2/meshes/a0912_collision
-- Installing: /home/rokey/ros2_ws/install/dsr_description2/share/dsr_description2/meshes/a0912_collision/A0912_6_0.dae
-- Installing: /home/rokey/ros2_ws/install/dsr_description2/share/dsr_description2/meshes/a0912_collision/A0912_2_1.dae
-- Installing: /home/rokey/ros2_ws/install/dsr_description2/share/dsr_description2/meshes/a0912_collision/A0912_5_0.dae
-- Installing: /home/rokey/ros2_ws/install/dsr_description2/share/dsr_description2/meshes/a0912_collision/A0912_2_2.dae
-- Installing: /home/rokey/ros2_ws/install/dsr_description2/share/dsr_description2/meshes/a0912_collision/A0912_3_0.dae
-- Installing: /home/rokey/ros2_ws/install/dsr_description2/share/dsr_description2/meshes/a0912_collision/A0912_4_0.dae
-- Installing: /home/rokey/ros2_ws/install/dsr_description2/share/dsr_description2/meshes/a0912_collision/A0912_2_0.dae
-- Installing: /home/rokey/ros2_ws/install/dsr_description2/share/dsr_description2/meshes/a0912_collision/A0912_1_1.dae
-- Installing: /home/rokey/ros2_ws/install/dsr_description2/share/dsr_description2/meshes/a0912_collision/A0912_5_1.dae
-- Installing: /home/rokey/ros2_ws/install/dsr_description2/share/dsr_description2/meshes/a0912_collision/A0912_1_0.dae
-- Installing: /home/rokey/ros2_ws/install/dsr_description2/share/dsr_description2/meshes/a0912_collision/A0912_0_0.dae
-- Installing: /home/rokey/ros2_ws/install/dsr_description2/share/dsr_description2/meshes/a0912_collision/A0912_4_1.dae
-- Installing: /home/rokey/ros2_ws/install/dsr_description2/share/dsr_description2/meshes/a0912_collision/A0912_3_1.dae
-- Installing: /home/rokey/ros2_ws/install/dsr_description2/share/dsr_description2/meshes/a0912_collision/A0912_1_2.dae
-- Installing: /home/rokey/ros2_ws/install/dsr_description2/share/dsr_description2/meshes/m0609_collision
-- Installing: /home/rokey/ros2_ws/install/dsr_description2/share/dsr_description2/meshes/m0609_collision/MF0609_6_0.dae
-- Installing: /home/rokey/ros2_ws/install/dsr_description2/share/dsr_description2/meshes/m0609_collision/MF0609_4_0.dae
-- Installing: /home/rokey/ros2_ws/install/dsr_description2/share/dsr_description2/meshes/m0609_collision/MF0609_1_0.dae
-- Installing: /home/rokey/ros2_ws/install/dsr_description2/share/dsr_description2/meshes/m0609_collision/MF0609_5_0.dae
-- Installing: /home/rokey/ros2_ws/install/dsr_description2/share/dsr_description2/meshes/m0609_collision/MF0609_2_2.dae
-- Installing: /home/rokey/ros2_ws/install/dsr_description2/share/dsr_description2/meshes/m0609_collision/MF0609_2_0.dae
-- Installing: /home/rokey/ros2_ws/install/dsr_description2/share/dsr_description2/meshes/m0609_collision/MF0609_0_0.dae
-- Installing: /home/rokey/ros2_ws/install/dsr_description2/share/dsr_description2/meshes/m0609_collision/MF0609_2_1.dae
-- Installing: /home/rokey/ros2_ws/install/dsr_description2/share/dsr_description2/meshes/m0609_collision/MF0609_4_1.dae
-- Installing: /home/rokey/ros2_ws/install/dsr_description2/share/dsr_description2/meshes/m0609_collision/MF0609_3_0.dae
-- Installing: /home/rokey/ros2_ws/install/dsr_description2/share/dsr_description2/meshes/m0617_blue
-- Installing: /home/rokey/ros2_ws/install/dsr_description2/share/dsr_description2/meshes/m0617_blue/MF0617_4_0.dae
-- Installing: /home/rokey/ros2_ws/install/dsr_description2/share/dsr_description2/meshes/m0617_blue/MF0617_3_0.dae
-- Installing: /home/rokey/ros2_ws/install/dsr_description2/share/dsr_description2/meshes/m0617_blue/MF0617_2_2.dae
-- Installing: /home/rokey/ros2_ws/install/dsr_description2/share/dsr_description2/meshes/m0617_blue/MF0617_2_0.dae
-- Installing: /home/rokey/ros2_ws/install/dsr_description2/share/dsr_description2/meshes/m0617_blue/MF0617_0_0.dae
-- Installing: /home/rokey/ros2_ws/install/dsr_description2/share/dsr_description2/meshes/m0617_blue/MF0617_4_1.dae
-- Installing: /home/rokey/ros2_ws/install/dsr_description2/share/dsr_description2/meshes/m0617_blue/MF0617_5_0.dae
-- Installing: /home/rokey/ros2_ws/install/dsr_description2/share/dsr_description2/meshes/m0617_blue/MF0617_1_0.dae
-- Installing: /home/rokey/ros2_ws/install/dsr_description2/share/dsr_description2/meshes/m0617_blue/MF0617_2_1.dae
-- Installing: /home/rokey/ros2_ws/install/dsr_description2/share/dsr_description2/meshes/m0617_blue/MF0617_6_0.dae
-- Installing: /home/rokey/ros2_ws/install/dsr_description2/share/dsr_description2/meshes/m0617_white
-- Installing: /home/rokey/ros2_ws/install/dsr_description2/share/dsr_description2/meshes/m0617_white/MF0617_4_0.dae
-- Installing: /home/rokey/ros2_ws/install/dsr_description2/share/dsr_description2/meshes/m0617_white/MF0617_3_0.dae
-- Installing: /home/rokey/ros2_ws/install/dsr_description2/share/dsr_description2/meshes/m0617_white/MF0617_2_2.dae
-- Installing: /home/rokey/ros2_ws/install/dsr_description2/share/dsr_description2/meshes/m0617_white/MF0617_2_0.dae
-- Installing: /home/rokey/ros2_ws/install/dsr_description2/share/dsr_description2/meshes/m0617_white/MF0617_0_0.dae
-- Installing: /home/rokey/ros2_ws/install/dsr_description2/share/dsr_description2/meshes/m0617_white/MF0617_4_1.dae
-- Installing: /home/rokey/ros2_ws/install/dsr_description2/share/dsr_description2/meshes/m0617_white/MF0617_5_0.dae
-- Installing: /home/rokey/ros2_ws/install/dsr_description2/share/dsr_description2/meshes/m0617_white/MF0617_1_0.dae
-- Installing: /home/rokey/ros2_ws/install/dsr_description2/share/dsr_description2/meshes/m0617_white/MF0617_2_1.dae
-- Installing: /home/rokey/ros2_ws/install/dsr_description2/share/dsr_description2/meshes/m0617_white/MF0617_6_0.dae
-- Installing: /home/rokey/ros2_ws/install/dsr_description2/share/dsr_description2/urdf
-- Installing: /home/rokey/ros2_ws/install/dsr_description2/share/dsr_description2/urdf/e0509.urdf
-- Installing: /home/rokey/ros2_ws/install/dsr_description2/share/dsr_description2/urdf/a0509.blue.urdf
-- Installing: /home/rokey/ros2_ws/install/dsr_description2/share/dsr_description2/urdf/a0509.white.urdf
-- Installing: /home/rokey/ros2_ws/install/dsr_description2/share/dsr_description2/urdf/m1509.urdf
-- Installing: /home/rokey/ros2_ws/install/dsr_description2/share/dsr_description2/urdf/m0609.blue.urdf
-- Installing: /home/rokey/ros2_ws/install/dsr_description2/share/dsr_description2/urdf/a0912.white.urdf
-- Installing: /home/rokey/ros2_ws/install/dsr_description2/share/dsr_description2/urdf/m1509.blue.urdf
-- Installing: /home/rokey/ros2_ws/install/dsr_description2/share/dsr_description2/urdf/m0617.white.urdf
-- Installing: /home/rokey/ros2_ws/install/dsr_description2/share/dsr_description2/urdf/m1013.blue.urdf
-- Installing: /home/rokey/ros2_ws/install/dsr_description2/share/dsr_description2/urdf/a0912.blue.urdf
-- Installing: /home/rokey/ros2_ws/install/dsr_description2/share/dsr_description2/urdf/h2515.urdf
-- Installing: /home/rokey/ros2_ws/install/dsr_description2/share/dsr_description2/urdf/m0609.urdf
-- Installing: /home/rokey/ros2_ws/install/dsr_description2/share/dsr_description2/urdf/h2017.white.urdf
-- Installing: /home/rokey/ros2_ws/install/dsr_description2/share/dsr_description2/urdf/p3020.urdf
-- Installing: /home/rokey/ros2_ws/install/dsr_description2/share/dsr_description2/urdf/m0617.blue.urdf
-- Installing: /home/rokey/ros2_ws/install/dsr_description2/share/dsr_description2/urdf/m0609.white.urdf
-- Installing: /home/rokey/ros2_ws/install/dsr_description2/share/dsr_description2/urdf/m1013.urdf
-- Installing: /home/rokey/ros2_ws/install/dsr_description2/share/dsr_description2/urdf/m1509.white.urdf
-- Installing: /home/rokey/ros2_ws/install/dsr_description2/share/dsr_description2/urdf/h2017.blue.urdf
-- Installing: /home/rokey/ros2_ws/install/dsr_description2/share/dsr_description2/urdf/a0912.urdf
-- Installing: /home/rokey/ros2_ws/install/dsr_description2/share/dsr_description2/urdf/h2515.white.urdf
-- Installing: /home/rokey/ros2_ws/install/dsr_description2/share/dsr_description2/urdf/a0509.urdf
-- Installing: /home/rokey/ros2_ws/install/dsr_description2/share/dsr_description2/urdf/h2017.urdf
-- Installing: /home/rokey/ros2_ws/install/dsr_description2/share/dsr_description2/urdf/m1013.white.urdf
-- Installing: /home/rokey/ros2_ws/install/dsr_description2/share/dsr_description2/urdf/e0509.white.urdf
-- Installing: /home/rokey/ros2_ws/install/dsr_description2/share/dsr_description2/urdf/h2515.blue.urdf
-- Installing: /home/rokey/ros2_ws/install/dsr_description2/share/dsr_description2/urdf/m0617.urdf
-- Installing: /home/rokey/ros2_ws/install/dsr_description2/share/dsr_description2/xacro
-- Installing: /home/rokey/ros2_ws/install/dsr_description2/share/dsr_description2/xacro/e0509.urdf.xacro
-- Installing: /home/rokey/ros2_ws/install/dsr_description2/share/dsr_description2/xacro/macro.h2515.blue.xacro
-- Installing: /home/rokey/ros2_ws/install/dsr_description2/share/dsr_description2/xacro/h2515.urdf.xacro
-- Installing: /home/rokey/ros2_ws/install/dsr_description2/share/dsr_description2/xacro/macro.h2017.white.xacro
-- Installing: /home/rokey/ros2_ws/install/dsr_description2/share/dsr_description2/xacro/a0509.urdf.xacro
-- Installing: /home/rokey/ros2_ws/install/dsr_description2/share/dsr_description2/xacro/macro.m0609.blue.xacro
-- Installing: /home/rokey/ros2_ws/install/dsr_description2/share/dsr_description2/xacro/macro.a0912.blue.xacro
-- Installing: /home/rokey/ros2_ws/install/dsr_description2/share/dsr_description2/xacro/p3020.urdf.xacro
-- Installing: /home/rokey/ros2_ws/install/dsr_description2/share/dsr_description2/xacro/macro.m0609.white.xacro
-- Installing: /home/rokey/ros2_ws/install/dsr_description2/share/dsr_description2/xacro/macro.a0509.blue.xacro
-- Installing: /home/rokey/ros2_ws/install/dsr_description2/share/dsr_description2/xacro/macro.m1509.blue.xacro
-- Installing: /home/rokey/ros2_ws/install/dsr_description2/share/dsr_description2/xacro/macro.a0912.white.xacro
-- Installing: /home/rokey/ros2_ws/install/dsr_description2/share/dsr_description2/xacro/m1013.urdf.xacro
-- Installing: /home/rokey/ros2_ws/install/dsr_description2/share/dsr_description2/xacro/macro.h2017.blue.xacro
-- Installing: /home/rokey/ros2_ws/install/dsr_description2/share/dsr_description2/xacro/a0912.urdf.xacro
-- Installing: /home/rokey/ros2_ws/install/dsr_description2/share/dsr_description2/xacro/macro.m0617.white.xacro
-- Installing: /home/rokey/ros2_ws/install/dsr_description2/share/dsr_description2/xacro/macro.e0509.white.xacro
-- Installing: /home/rokey/ros2_ws/install/dsr_description2/share/dsr_description2/xacro/macro.m1509.white.xacro
-- Installing: /home/rokey/ros2_ws/install/dsr_description2/share/dsr_description2/xacro/h2017.urdf.xacro
-- Installing: /home/rokey/ros2_ws/install/dsr_description2/share/dsr_description2/xacro/macro.p3020.blue.xacro
-- Installing: /home/rokey/ros2_ws/install/dsr_description2/share/dsr_description2/xacro/macro.m1013.blue.xacro
-- Installing: /home/rokey/ros2_ws/install/dsr_description2/share/dsr_description2/xacro/macro.h2515.white.xacro
-- Installing: /home/rokey/ros2_ws/install/dsr_description2/share/dsr_description2/xacro/macro.m0617.blue.xacro
-- Installing: /home/rokey/ros2_ws/install/dsr_description2/share/dsr_description2/xacro/macro.p3020.white.xacro
-- Installing: /home/rokey/ros2_ws/install/dsr_description2/share/dsr_description2/xacro/m0609.urdf.xacro
-- Installing: /home/rokey/ros2_ws/install/dsr_description2/share/dsr_description2/xacro/macro.m1013.white.xacro
-- Installing: /home/rokey/ros2_ws/install/dsr_description2/share/dsr_description2/xacro/m0617.urdf.xacro
-- Installing: /home/rokey/ros2_ws/install/dsr_description2/share/dsr_description2/xacro/macro.a0509.white.xacro
-- Installing: /home/rokey/ros2_ws/install/dsr_description2/share/dsr_description2/xacro/m1509.urdf.xacro
-- Installing: /home/rokey/ros2_ws/install/dsr_description2/share/dsr_description2/config
-- Installing: /home/rokey/ros2_ws/install/dsr_description2/share/dsr_description2/config/macro.wheel.xacro
-- Installing: /home/rokey/ros2_ws/install/dsr_description2/share/dsr_description2/config/macro.gazebo.xacro
-- Installing: /home/rokey/ros2_ws/install/dsr_description2/share/dsr_description2/config/macro.gazebo.p3020.xacro
-- Installing: /home/rokey/ros2_ws/install/dsr_description2/share/dsr_description2/config/macro.materials.xacro
-- Installing: /home/rokey/ros2_ws/install/dsr_description2/share/dsr_description2/config/macro.transmission.xacro
-- Installing: /home/rokey/ros2_ws/install/dsr_description2/share/dsr_description2/config/macro.decorations.xacro
-- Installing: /home/rokey/ros2_ws/install/dsr_description2/share/dsr_description2/ros2_control
-- Installing: /home/rokey/ros2_ws/install/dsr_description2/share/dsr_description2/ros2_control/m1509.ros2_control.xacro
-- Installing: /home/rokey/ros2_ws/install/dsr_description2/share/dsr_description2/ros2_control/a0912.ros2_control.xacro
-- Installing: /home/rokey/ros2_ws/install/dsr_description2/share/dsr_description2/ros2_control/a0509.ros2_control.xacro
-- Installing: /home/rokey/ros2_ws/install/dsr_description2/share/dsr_description2/ros2_control/a0912.gz_ros2_control.xacro
-- Installing: /home/rokey/ros2_ws/install/dsr_description2/share/dsr_description2/ros2_control/h2017.gz_ros2_control.xacro
-- Installing: /home/rokey/ros2_ws/install/dsr_description2/share/dsr_description2/ros2_control/m0617.ros2_control.xacro
-- Installing: /home/rokey/ros2_ws/install/dsr_description2/share/dsr_description2/ros2_control/m1013.ros2_control.xacro
-- Installing: /home/rokey/ros2_ws/install/dsr_description2/share/dsr_description2/ros2_control/m0609.gz_ros2_control.xacro
-- Installing: /home/rokey/ros2_ws/install/dsr_description2/share/dsr_description2/ros2_control/m1013.gz_ros2_control.xacro
-- Installing: /home/rokey/ros2_ws/install/dsr_description2/share/dsr_description2/ros2_control/m0609.ros2_control.xacro
-- Installing: /home/rokey/ros2_ws/install/dsr_description2/share/dsr_description2/ros2_control/p3020.gz_ros2_control.xacro
-- Installing: /home/rokey/ros2_ws/install/dsr_description2/share/dsr_description2/ros2_control/m1509.gz_ros2_control.xacro
-- Installing: /home/rokey/ros2_ws/install/dsr_description2/share/dsr_description2/ros2_control/h2515.gz_ros2_control.xacro
-- Installing: /home/rokey/ros2_ws/install/dsr_description2/share/dsr_description2/ros2_control/m0617.gz_ros2_control.xacro
-- Installing: /home/rokey/ros2_ws/install/dsr_description2/share/dsr_description2/ros2_control/h2515.ros2_control.xacro
-- Installing: /home/rokey/ros2_ws/install/dsr_description2/share/dsr_description2/ros2_control/e0509.gz_ros2_control.xacro
-- Installing: /home/rokey/ros2_ws/install/dsr_description2/share/dsr_description2/ros2_control/p3020.ros2_control.xacro
-- Installing: /home/rokey/ros2_ws/install/dsr_description2/share/dsr_description2/ros2_control/h2017.ros2_control.xacro
-- Installing: /home/rokey/ros2_ws/install/dsr_description2/share/dsr_description2/ros2_control/e0509.ros2_control.xacro
-- Installing: /home/rokey/ros2_ws/install/dsr_description2/share/dsr_description2/ros2_control/a0509.gz_ros2_control.xacro
-- Installing: /home/rokey/ros2_ws/install/dsr_description2/share/dsr_description2/launch
-- Installing: /home/rokey/ros2_ws/install/dsr_description2/share/dsr_description2/launch/dsr_description.launch.py
-- Installing: /home/rokey/ros2_ws/install/dsr_description2/share/dsr_description2/rviz
-- Installing: /home/rokey/ros2_ws/install/dsr_description2/share/dsr_description2/rviz/moveit.rviz
-- Installing: /home/rokey/ros2_ws/install/dsr_description2/share/dsr_description2/rviz/default.rviz
