[0.043s] Invoking command in '/home/rokey/ros2_ws/build/dsr_description2': CMAKE_PREFIX_PATH=/opt/ros/humble /usr/bin/cmake /home/rokey/ros2_ws/src/DoosanBootcamp3rd/dsr_description2 -DCMAKE_INSTALL_PREFIX=/home/rokey/ros2_ws/install/dsr_description2
[0.648s] -- The C compiler identification is GNU 11.4.0
[0.648s] -- The CXX compiler identification is GNU 11.4.0
[0.648s] -- Detecting C compiler ABI info
[0.648s] -- Detecting C compiler ABI info - done
[0.648s] -- Check for working C compiler: /usr/bin/cc - skipped
[0.648s] -- Detecting C compile features
[0.648s] -- Detecting C compile features - done
[0.648s] -- Detecting CXX compiler ABI info
[0.648s] -- Detecting CXX compiler ABI info - done
[0.648s] -- Check for working CXX compiler: /usr/bin/c++ - skipped
[0.648s] -- Detecting CXX compile features
[0.648s] -- Detecting CXX compile features - done
[0.648s] -- Found ament_cmake: 1.3.12 (/opt/ros/humble/share/ament_cmake/cmake)
[0.649s] -- Found Python3: /usr/bin/python3 (found version "3.10.12") found components: Interpreter 
[0.788s] -- Configuring done
[0.791s] -- Generating done
[0.793s] -- Build files have been written to: /home/rokey/ros2_ws/build/dsr_description2
[0.814s] Invoked command in '/home/rokey/ros2_ws/build/dsr_description2' returned '0': CMAKE_PREFIX_PATH=/opt/ros/humble /usr/bin/cmake /home/rokey/ros2_ws/src/DoosanBootcamp3rd/dsr_description2 -DCMAKE_INSTALL_PREFIX=/home/rokey/ros2_ws/install/dsr_description2
[0.815s] Invoking command in '/home/rokey/ros2_ws/build/dsr_description2': CMAKE_PREFIX_PATH=/opt/ros/humble /usr/bin/cmake --build /home/rokey/ros2_ws/build/dsr_description2 -- -j16 -l16
[0.906s] Invoked command in '/home/rokey/ros2_ws/build/dsr_description2' returned '0': CMAKE_PREFIX_PATH=/opt/ros/humble /usr/bin/cmake --build /home/rokey/ros2_ws/build/dsr_description2 -- -j16 -l16
[0.906s] Invoking command in '/home/rokey/ros2_ws/build/dsr_description2': CMAKE_PREFIX_PATH=/opt/ros/humble /usr/bin/cmake --install /home/rokey/ros2_ws/build/dsr_description2
[0.924s] -- Install configuration: ""
[0.924s] -- Installing: /home/rokey/ros2_ws/install/dsr_description2/share/dsr_description2/environment/dsr_description2_path.dsv
[0.924s] -- Installing: /home/rokey/ros2_ws/install/dsr_description2/share/ament_index/resource_index/package_run_dependencies/dsr_description2
[0.924s] -- Installing: /home/rokey/ros2_ws/install/dsr_description2/share/ament_index/resource_index/parent_prefix_path/dsr_description2
[0.924s] -- Installing: /home/rokey/ros2_ws/install/dsr_description2/share/dsr_description2/environment/ament_prefix_path.sh
[0.924s] -- Installing: /home/rokey/ros2_ws/install/dsr_description2/share/dsr_description2/environment/ament_prefix_path.dsv
[0.924s] -- Installing: /home/rokey/ros2_ws/install/dsr_description2/share/dsr_description2/environment/path.sh
[0.924s] -- Installing: /home/rokey/ros2_ws/install/dsr_description2/share/dsr_description2/environment/path.dsv
[0.924s] -- Installing: /home/rokey/ros2_ws/install/dsr_description2/share/dsr_description2/local_setup.bash
[0.924s] -- Installing: /home/rokey/ros2_ws/install/dsr_description2/share/dsr_description2/local_setup.sh
[0.924s] -- Installing: /home/rokey/ros2_ws/install/dsr_description2/share/dsr_description2/local_setup.zsh
[0.924s] -- Installing: /home/rokey/ros2_ws/install/dsr_description2/share/dsr_description2/local_setup.dsv
[0.924s] -- Installing: /home/rokey/ros2_ws/install/dsr_description2/share/dsr_description2/package.dsv
[0.924s] -- Installing: /home/rokey/ros2_ws/install/dsr_description2/share/ament_index/resource_index/packages/dsr_description2
[0.924s] -- Installing: /home/rokey/ros2_ws/install/dsr_description2/share/dsr_description2/cmake/dsr_description2Config.cmake
[0.924s] -- Installing: /home/rokey/ros2_ws/install/dsr_description2/share/dsr_description2/cmake/dsr_description2Config-version.cmake
[0.924s] -- Installing: /home/rokey/ros2_ws/install/dsr_description2/share/dsr_description2/package.xml
[0.924s] -- Installing: /home/rokey/ros2_ws/install/dsr_description2/share/dsr_description2/meshes
[0.924s] -- Installing: /home/rokey/ros2_ws/install/dsr_description2/share/dsr_description2/meshes/e0509_white
[0.924s] -- Installing: /home/rokey/ros2_ws/install/dsr_description2/share/dsr_description2/meshes/e0509_white/E0509_1_4.dae
[0.924s] -- Installing: /home/rokey/ros2_ws/install/dsr_description2/share/dsr_description2/meshes/e0509_white/E0509_4_1.dae
[0.924s] -- Installing: /home/rokey/ros2_ws/install/dsr_description2/share/dsr_description2/meshes/e0509_white/E0509_1_1.dae
[0.924s] -- Installing: /home/rokey/ros2_ws/install/dsr_description2/share/dsr_description2/meshes/e0509_white/E0509_5_2.dae
[0.924s] -- Installing: /home/rokey/ros2_ws/install/dsr_description2/share/dsr_description2/meshes/e0509_white/E0509_6_1.dae
[0.924s] -- Installing: /home/rokey/ros2_ws/install/dsr_description2/share/dsr_description2/meshes/e0509_white/E0509_1_2.dae
[0.924s] -- Installing: /home/rokey/ros2_ws/install/dsr_description2/share/dsr_description2/meshes/e0509_white/E0509_0_0.dae
[0.924s] -- Installing: /home/rokey/ros2_ws/install/dsr_description2/share/dsr_description2/meshes/e0509_white/E0509_2_1.dae
[0.924s] -- Installing: /home/rokey/ros2_ws/install/dsr_description2/share/dsr_description2/meshes/e0509_white/E0509_2_2.dae
[0.924s] -- Installing: /home/rokey/ros2_ws/install/dsr_description2/share/dsr_description2/meshes/e0509_white/E0509_3_2.dae
[0.924s] -- Installing: /home/rokey/ros2_ws/install/dsr_description2/share/dsr_description2/meshes/e0509_white/E0509_5_1.dae
[0.924s] -- Installing: /home/rokey/ros2_ws/install/dsr_description2/share/dsr_description2/meshes/e0509_white/E0509_4_2.dae
[0.924s] -- Installing: /home/rokey/ros2_ws/install/dsr_description2/share/dsr_description2/meshes/e0509_white/E0509_1_3.dae
[0.925s] -- Installing: /home/rokey/ros2_ws/install/dsr_description2/share/dsr_description2/meshes/e0509_white/E0509_3_1.dae
[0.925s] -- Installing: /home/rokey/ros2_ws/install/dsr_description2/share/dsr_description2/meshes/m0609_blue
[0.925s] -- Installing: /home/rokey/ros2_ws/install/dsr_description2/share/dsr_description2/meshes/m0609_blue/MF0609_6_0.dae
[0.925s] -- Installing: /home/rokey/ros2_ws/install/dsr_description2/share/dsr_description2/meshes/m0609_blue/MF0609_4_0.dae
[0.925s] -- Installing: /home/rokey/ros2_ws/install/dsr_description2/share/dsr_description2/meshes/m0609_blue/MF0609_1_0.dae
[0.925s] -- Installing: /home/rokey/ros2_ws/install/dsr_description2/share/dsr_description2/meshes/m0609_blue/MF0609_5_0.dae
[0.925s] -- Installing: /home/rokey/ros2_ws/install/dsr_description2/share/dsr_description2/meshes/m0609_blue/MF0609_2_2.dae
[0.925s] -- Installing: /home/rokey/ros2_ws/install/dsr_description2/share/dsr_description2/meshes/m0609_blue/MF0609_2_0.dae
[0.925s] -- Installing: /home/rokey/ros2_ws/install/dsr_description2/share/dsr_description2/meshes/m0609_blue/MF0609_0_0.dae
[0.925s] -- Installing: /home/rokey/ros2_ws/install/dsr_description2/share/dsr_description2/meshes/m0609_blue/MF0609_2_1.dae
[0.925s] -- Installing: /home/rokey/ros2_ws/install/dsr_description2/share/dsr_description2/meshes/m0609_blue/MF0609_4_1.dae
[0.925s] -- Installing: /home/rokey/ros2_ws/install/dsr_description2/share/dsr_description2/meshes/m0609_blue/MF0609_3_0.dae
[0.925s] -- Installing: /home/rokey/ros2_ws/install/dsr_description2/share/dsr_description2/meshes/h2515_collision
[0.925s] -- Installing: /home/rokey/ros2_ws/install/dsr_description2/share/dsr_description2/meshes/h2515_collision/H2515_0_0.dae
[0.925s] -- Installing: /home/rokey/ros2_ws/install/dsr_description2/share/dsr_description2/meshes/h2515_collision/H2515_1_0.dae
[0.925s] -- Installing: /home/rokey/ros2_ws/install/dsr_description2/share/dsr_description2/meshes/h2515_collision/H2515_4_1.dae
[0.925s] -- Installing: /home/rokey/ros2_ws/install/dsr_description2/share/dsr_description2/meshes/h2515_collision/H2515_4_0.dae
[0.925s] -- Installing: /home/rokey/ros2_ws/install/dsr_description2/share/dsr_description2/meshes/h2515_collision/H2515_2_2.dae
[0.925s] -- Installing: /home/rokey/ros2_ws/install/dsr_description2/share/dsr_description2/meshes/h2515_collision/H2515_3_0.dae
[0.925s] -- Installing: /home/rokey/ros2_ws/install/dsr_description2/share/dsr_description2/meshes/h2515_collision/H2515_2_1.dae
[0.925s] -- Installing: /home/rokey/ros2_ws/install/dsr_description2/share/dsr_description2/meshes/h2515_collision/H2515_2_0.dae
[0.925s] -- Installing: /home/rokey/ros2_ws/install/dsr_description2/share/dsr_description2/meshes/h2515_collision/H2515_5_0.dae
[0.925s] -- Installing: /home/rokey/ros2_ws/install/dsr_description2/share/dsr_description2/meshes/h2515_collision/H2515_6_0.dae
[0.925s] -- Installing: /home/rokey/ros2_ws/install/dsr_description2/share/dsr_description2/meshes/mobile
[0.925s] -- Installing: /home/rokey/ros2_ws/install/dsr_description2/share/dsr_description2/meshes/mobile/user_rail.dae
[0.925s] -- Installing: /home/rokey/ros2_ws/install/dsr_description2/share/dsr_description2/meshes/mobile/bumper.dae
[0.926s] -- Installing: /home/rokey/ros2_ws/install/dsr_description2/share/dsr_description2/meshes/mobile/top_chassis.dae
[0.926s] -- Installing: /home/rokey/ros2_ws/install/dsr_description2/share/dsr_description2/meshes/mobile/base_link.dae
[0.927s] -- Installing: /home/rokey/ros2_ws/install/dsr_description2/share/dsr_description2/meshes/mobile/top_plate.stl
[0.927s] -- Installing: /home/rokey/ros2_ws/install/dsr_description2/share/dsr_description2/meshes/mobile/wheel.stl
[0.927s] -- Installing: /home/rokey/ros2_ws/install/dsr_description2/share/dsr_description2/meshes/mobile/wheel.dae
[0.928s] -- Installing: /home/rokey/ros2_ws/install/dsr_description2/share/dsr_description2/meshes/mobile/large_top_plate_collision.stl
[0.928s] -- Installing: /home/rokey/ros2_ws/install/dsr_description2/share/dsr_description2/meshes/mobile/top_chassis.stl
[0.929s] -- Installing: /home/rokey/ros2_ws/install/dsr_description2/share/dsr_description2/meshes/mobile/user_rail.stl
[0.929s] -- Installing: /home/rokey/ros2_ws/install/dsr_description2/share/dsr_description2/meshes/mobile/top_plate.dae
[0.929s] -- Installing: /home/rokey/ros2_ws/install/dsr_description2/share/dsr_description2/meshes/mobile/bumper.stl
[0.929s] -- Installing: /home/rokey/ros2_ws/install/dsr_description2/share/dsr_description2/meshes/mobile/base_link.stl
[0.930s] -- Installing: /home/rokey/ros2_ws/install/dsr_description2/share/dsr_description2/meshes/mobile/large_top_plate.dae
[0.930s] -- Installing: /home/rokey/ros2_ws/install/dsr_description2/share/dsr_description2/meshes/m0609_white
[0.930s] -- Installing: /home/rokey/ros2_ws/install/dsr_description2/share/dsr_description2/meshes/m0609_white/MF0609_6_0.dae
[0.930s] -- Installing: /home/rokey/ros2_ws/install/dsr_description2/share/dsr_description2/meshes/m0609_white/MF0609_4_0.dae
[0.930s] -- Installing: /home/rokey/ros2_ws/install/dsr_description2/share/dsr_description2/meshes/m0609_white/MF0609_1_0.dae
[0.930s] -- Installing: /home/rokey/ros2_ws/install/dsr_description2/share/dsr_description2/meshes/m0609_white/MF0609_5_0.dae
[0.932s] -- Installing: /home/rokey/ros2_ws/install/dsr_description2/share/dsr_description2/meshes/m0609_white/MF0609_2_2.dae
[0.932s] -- Installing: /home/rokey/ros2_ws/install/dsr_description2/share/dsr_description2/meshes/m0609_white/MF0609_2_0.dae
[0.932s] -- Installing: /home/rokey/ros2_ws/install/dsr_description2/share/dsr_description2/meshes/m0609_white/MF0609_0_0.dae
[0.932s] -- Installing: /home/rokey/ros2_ws/install/dsr_description2/share/dsr_description2/meshes/m0609_white/MF0609_2_1.dae
[0.933s] -- Installing: /home/rokey/ros2_ws/install/dsr_description2/share/dsr_description2/meshes/m0609_white/MF0609_4_1.dae
[0.933s] -- Installing: /home/rokey/ros2_ws/install/dsr_description2/share/dsr_description2/meshes/m0609_white/MF0609_3_0.dae
[0.933s] -- Installing: /home/rokey/ros2_ws/install/dsr_description2/share/dsr_description2/meshes/m1013_collision
[0.933s] -- Installing: /home/rokey/ros2_ws/install/dsr_description2/share/dsr_description2/meshes/m1013_collision/MF1013_1_0.dae
[0.934s] -- Installing: /home/rokey/ros2_ws/install/dsr_description2/share/dsr_description2/meshes/m1013_collision/MF1013_4_1.dae
[0.934s] -- Installing: /home/rokey/ros2_ws/install/dsr_description2/share/dsr_description2/meshes/m1013_collision/MF1013_3_0.dae
[0.935s] -- Installing: /home/rokey/ros2_ws/install/dsr_description2/share/dsr_description2/meshes/m1013_collision/MF1013_2_2.dae
[0.935s] -- Installing: /home/rokey/ros2_ws/install/dsr_description2/share/dsr_description2/meshes/m1013_collision/MF1013_2_0.dae
[0.936s] -- Installing: /home/rokey/ros2_ws/install/dsr_description2/share/dsr_description2/meshes/m1013_collision/MF1013_4_0.dae
[0.936s] -- Installing: /home/rokey/ros2_ws/install/dsr_description2/share/dsr_description2/meshes/m1013_collision/MF1013_5_0.dae
[0.936s] -- Installing: /home/rokey/ros2_ws/install/dsr_description2/share/dsr_description2/meshes/m1013_collision/MF1013_0_0.dae
[0.936s] -- Installing: /home/rokey/ros2_ws/install/dsr_description2/share/dsr_description2/meshes/m1013_collision/MF1013_2_1.dae
[0.937s] -- Installing: /home/rokey/ros2_ws/install/dsr_description2/share/dsr_description2/meshes/m1013_collision/MF1013_6_0.dae
[0.937s] -- Installing: /home/rokey/ros2_ws/install/dsr_description2/share/dsr_description2/meshes/h2515_blue
[0.937s] -- Installing: /home/rokey/ros2_ws/install/dsr_description2/share/dsr_description2/meshes/h2515_blue/H2515_0_0.dae
[0.937s] -- Installing: /home/rokey/ros2_ws/install/dsr_description2/share/dsr_description2/meshes/h2515_blue/H2515_1_0.dae
[0.938s] -- Installing: /home/rokey/ros2_ws/install/dsr_description2/share/dsr_description2/meshes/h2515_blue/H2515_4_1.dae
[0.938s] -- Installing: /home/rokey/ros2_ws/install/dsr_description2/share/dsr_description2/meshes/h2515_blue/H2515_4_0.dae
[0.938s] -- Installing: /home/rokey/ros2_ws/install/dsr_description2/share/dsr_description2/meshes/h2515_blue/H2515_2_2.dae
[0.938s] -- Installing: /home/rokey/ros2_ws/install/dsr_description2/share/dsr_description2/meshes/h2515_blue/H2515_3_0.dae
[0.939s] -- Installing: /home/rokey/ros2_ws/install/dsr_description2/share/dsr_description2/meshes/h2515_blue/H2515_2_1.dae
[0.940s] -- Installing: /home/rokey/ros2_ws/install/dsr_description2/share/dsr_description2/meshes/h2515_blue/H2515_2_0.dae
[0.940s] -- Installing: /home/rokey/ros2_ws/install/dsr_description2/share/dsr_description2/meshes/h2515_blue/H2515_5_0.dae
[0.940s] -- Installing: /home/rokey/ros2_ws/install/dsr_description2/share/dsr_description2/meshes/h2515_blue/H2515_6_0.dae
[0.940s] -- Installing: /home/rokey/ros2_ws/install/dsr_description2/share/dsr_description2/meshes/m1509_white
[0.940s] -- Installing: /home/rokey/ros2_ws/install/dsr_description2/share/dsr_description2/meshes/m1509_white/MF1509_2_0.dae
[0.941s] -- Installing: /home/rokey/ros2_ws/install/dsr_description2/share/dsr_description2/meshes/m1509_white/MF1509_2_1.dae
[0.942s] -- Installing: /home/rokey/ros2_ws/install/dsr_description2/share/dsr_description2/meshes/m1509_white/MF1509_6_0.dae
[0.942s] -- Installing: /home/rokey/ros2_ws/install/dsr_description2/share/dsr_description2/meshes/m1509_white/MF1509_3_0.dae
[0.942s] -- Installing: /home/rokey/ros2_ws/install/dsr_description2/share/dsr_description2/meshes/m1509_white/MF1509_5_0.dae
[0.942s] -- Installing: /home/rokey/ros2_ws/install/dsr_description2/share/dsr_description2/meshes/m1509_white/MF1509_0_0.dae
[0.942s] -- Installing: /home/rokey/ros2_ws/install/dsr_description2/share/dsr_description2/meshes/m1509_white/MF1509_4_1.dae
[0.942s] -- Installing: /home/rokey/ros2_ws/install/dsr_description2/share/dsr_description2/meshes/m1509_white/MF1509_2_2.dae
[0.942s] -- Installing: /home/rokey/ros2_ws/install/dsr_description2/share/dsr_description2/meshes/m1509_white/MF1509_1_0.dae
[0.943s] -- Installing: /home/rokey/ros2_ws/install/dsr_description2/share/dsr_description2/meshes/m1509_white/MF1509_4_0.dae
[0.943s] -- Installing: /home/rokey/ros2_ws/install/dsr_description2/share/dsr_description2/meshes/e0509_collision
[0.943s] -- Installing: /home/rokey/ros2_ws/install/dsr_description2/share/dsr_description2/meshes/e0509_collision/E0509_1_4.dae
[0.943s] -- Installing: /home/rokey/ros2_ws/install/dsr_description2/share/dsr_description2/meshes/e0509_collision/E0509_4_1.dae
[0.943s] -- Installing: /home/rokey/ros2_ws/install/dsr_description2/share/dsr_description2/meshes/e0509_collision/E0509_1_1.dae
[0.944s] -- Installing: /home/rokey/ros2_ws/install/dsr_description2/share/dsr_description2/meshes/e0509_collision/E0509_5_2.dae
[0.944s] -- Installing: /home/rokey/ros2_ws/install/dsr_description2/share/dsr_description2/meshes/e0509_collision/E0509_6_1.dae
[0.944s] -- Installing: /home/rokey/ros2_ws/install/dsr_description2/share/dsr_description2/meshes/e0509_collision/E0509_1_2.dae
[0.944s] -- Installing: /home/rokey/ros2_ws/install/dsr_description2/share/dsr_description2/meshes/e0509_collision/E0509_0_0.dae
[0.944s] -- Installing: /home/rokey/ros2_ws/install/dsr_description2/share/dsr_description2/meshes/e0509_collision/E0509_2_1.dae
[0.945s] -- Installing: /home/rokey/ros2_ws/install/dsr_description2/share/dsr_description2/meshes/e0509_collision/E0509_2_2.dae
[0.945s] -- Installing: /home/rokey/ros2_ws/install/dsr_description2/share/dsr_description2/meshes/e0509_collision/E0509_3_2.dae
[0.945s] -- Installing: /home/rokey/ros2_ws/install/dsr_description2/share/dsr_description2/meshes/e0509_collision/E0509_5_1.dae
[0.946s] -- Installing: /home/rokey/ros2_ws/install/dsr_description2/share/dsr_description2/meshes/e0509_collision/E0509_4_2.dae
[0.946s] -- Installing: /home/rokey/ros2_ws/install/dsr_description2/share/dsr_description2/meshes/e0509_collision/E0509_1_3.dae
[0.946s] -- Installing: /home/rokey/ros2_ws/install/dsr_description2/share/dsr_description2/meshes/e0509_collision/E0509_3_1.dae
[0.947s] -- Installing: /home/rokey/ros2_ws/install/dsr_description2/share/dsr_description2/meshes/p3020_collision
[0.947s] -- Installing: /home/rokey/ros2_ws/install/dsr_description2/share/dsr_description2/meshes/p3020_collision/3-2.STL
[0.947s] -- Installing: /home/rokey/ros2_ws/install/dsr_description2/share/dsr_description2/meshes/p3020_collision/4-2.STL
[0.947s] -- Installing: /home/rokey/ros2_ws/install/dsr_description2/share/dsr_description2/meshes/p3020_collision/4-4.STL
[0.947s] -- Installing: /home/rokey/ros2_ws/install/dsr_description2/share/dsr_description2/meshes/p3020_collision/3-1.STL
[0.947s] -- Installing: /home/rokey/ros2_ws/install/dsr_description2/share/dsr_description2/meshes/p3020_collision/2-3.STL
[0.947s] -- Installing: /home/rokey/ros2_ws/install/dsr_description2/share/dsr_description2/meshes/p3020_collision/2-4.STL
[0.947s] -- Installing: /home/rokey/ros2_ws/install/dsr_description2/share/dsr_description2/meshes/p3020_collision/3-3.STL
[0.947s] -- Installing: /home/rokey/ros2_ws/install/dsr_description2/share/dsr_description2/meshes/p3020_collision/2-2.STL
[0.947s] -- Installing: /home/rokey/ros2_ws/install/dsr_description2/share/dsr_description2/meshes/p3020_collision/4-3.STL
[0.948s] -- Installing: /home/rokey/ros2_ws/install/dsr_description2/share/dsr_description2/meshes/p3020_collision/3-7.STL
[0.948s] -- Installing: /home/rokey/ros2_ws/install/dsr_description2/share/dsr_description2/meshes/p3020_collision/7.STL
[0.948s] -- Installing: /home/rokey/ros2_ws/install/dsr_description2/share/dsr_description2/meshes/p3020_collision/6-3.STL
[0.948s] -- Installing: /home/rokey/ros2_ws/install/dsr_description2/share/dsr_description2/meshes/p3020_collision/3-6.STL
[0.948s] -- Installing: /home/rokey/ros2_ws/install/dsr_description2/share/dsr_description2/meshes/p3020_collision/4-1.STL
[0.948s] -- Installing: /home/rokey/ros2_ws/install/dsr_description2/share/dsr_description2/meshes/p3020_collision/1.STL
[0.949s] -- Installing: /home/rokey/ros2_ws/install/dsr_description2/share/dsr_description2/meshes/p3020_collision/3-8.STL
[0.949s] -- Installing: /home/rokey/ros2_ws/install/dsr_description2/share/dsr_description2/meshes/p3020_collision/6-1.STL
[0.949s] -- Installing: /home/rokey/ros2_ws/install/dsr_description2/share/dsr_description2/meshes/p3020_collision/3-4.STL
[0.949s] -- Installing: /home/rokey/ros2_ws/install/dsr_description2/share/dsr_description2/meshes/p3020_collision/2-1.STL
[0.949s] -- Installing: /home/rokey/ros2_ws/install/dsr_description2/share/dsr_description2/meshes/p3020_collision/2-5.STL
[0.949s] -- Installing: /home/rokey/ros2_ws/install/dsr_description2/share/dsr_description2/meshes/p3020_collision/3-5.STL
[0.949s] -- Installing: /home/rokey/ros2_ws/install/dsr_description2/share/dsr_description2/meshes/p3020_collision/6-2.STL
[0.949s] -- Installing: /home/rokey/ros2_ws/install/dsr_description2/share/dsr_description2/meshes/h2017_blue
[0.950s] -- Installing: /home/rokey/ros2_ws/install/dsr_description2/share/dsr_description2/meshes/h2017_blue/H2017_5_0.dae
[0.950s] -- Installing: /home/rokey/ros2_ws/install/dsr_description2/share/dsr_description2/meshes/h2017_blue/H2017_3_0.dae
[0.951s] -- Installing: /home/rokey/ros2_ws/install/dsr_description2/share/dsr_description2/meshes/h2017_blue/H2017_4_0.dae
[0.951s] -- Installing: /home/rokey/ros2_ws/install/dsr_description2/share/dsr_description2/meshes/h2017_blue/H2017_2_0.dae
[0.951s] -- Installing: /home/rokey/ros2_ws/install/dsr_description2/share/dsr_description2/meshes/h2017_blue/H2017_1_0.dae
[0.952s] -- Installing: /home/rokey/ros2_ws/install/dsr_description2/share/dsr_description2/meshes/h2017_blue/H2017_2_2.dae
[0.952s] -- Installing: /home/rokey/ros2_ws/install/dsr_description2/share/dsr_description2/meshes/h2017_blue/H2017_4_1.dae
[0.952s] -- Installing: /home/rokey/ros2_ws/install/dsr_description2/share/dsr_description2/meshes/h2017_blue/H2017_6_0.dae
[0.952s] -- Installing: /home/rokey/ros2_ws/install/dsr_description2/share/dsr_description2/meshes/h2017_blue/H2017_0_0.dae
[0.952s] -- Installing: /home/rokey/ros2_ws/install/dsr_description2/share/dsr_description2/meshes/h2017_blue/H2017_2_1.dae
[0.953s] -- Installing: /home/rokey/ros2_ws/install/dsr_description2/share/dsr_description2/meshes/m1013_blue
[0.953s] -- Installing: /home/rokey/ros2_ws/install/dsr_description2/share/dsr_description2/meshes/m1013_blue/MF1013_1_0.dae
[0.953s] -- Installing: /home/rokey/ros2_ws/install/dsr_description2/share/dsr_description2/meshes/m1013_blue/MF1013_4_1.dae
[0.954s] -- Installing: /home/rokey/ros2_ws/install/dsr_description2/share/dsr_description2/meshes/m1013_blue/MF1013_3_0.dae
[0.954s] -- Installing: /home/rokey/ros2_ws/install/dsr_description2/share/dsr_description2/meshes/m1013_blue/MF1013_2_2.dae
[0.954s] -- Installing: /home/rokey/ros2_ws/install/dsr_description2/share/dsr_description2/meshes/m1013_blue/MF1013_2_0.dae
[0.955s] -- Installing: /home/rokey/ros2_ws/install/dsr_description2/share/dsr_description2/meshes/m1013_blue/MF1013_4_0.dae
[0.955s] -- Installing: /home/rokey/ros2_ws/install/dsr_description2/share/dsr_description2/meshes/m1013_blue/MF1013_5_0.dae
[0.955s] -- Installing: /home/rokey/ros2_ws/install/dsr_description2/share/dsr_description2/meshes/m1013_blue/MF1013_0_0.dae
[0.956s] -- Installing: /home/rokey/ros2_ws/install/dsr_description2/share/dsr_description2/meshes/m1013_blue/MF1013_2_1.dae
[0.957s] -- Installing: /home/rokey/ros2_ws/install/dsr_description2/share/dsr_description2/meshes/m1013_blue/MF1013_6_0.dae
[0.957s] -- Installing: /home/rokey/ros2_ws/install/dsr_description2/share/dsr_description2/meshes/m1509_blue
[0.957s] -- Installing: /home/rokey/ros2_ws/install/dsr_description2/share/dsr_description2/meshes/m1509_blue/MF1509_2_0.dae
[0.957s] -- Installing: /home/rokey/ros2_ws/install/dsr_description2/share/dsr_description2/meshes/m1509_blue/MF1509_2_1.dae
[0.958s] -- Installing: /home/rokey/ros2_ws/install/dsr_description2/share/dsr_description2/meshes/m1509_blue/MF1509_6_0.dae
[0.958s] -- Installing: /home/rokey/ros2_ws/install/dsr_description2/share/dsr_description2/meshes/m1509_blue/MF1509_3_0.dae
[0.958s] -- Installing: /home/rokey/ros2_ws/install/dsr_description2/share/dsr_description2/meshes/m1509_blue/MF1509_5_0.dae
[0.958s] -- Installing: /home/rokey/ros2_ws/install/dsr_description2/share/dsr_description2/meshes/m1509_blue/MF1509_0_0.dae
[0.959s] -- Installing: /home/rokey/ros2_ws/install/dsr_description2/share/dsr_description2/meshes/m1509_blue/MF1509_4_1.dae
[0.959s] -- Installing: /home/rokey/ros2_ws/install/dsr_description2/share/dsr_description2/meshes/m1509_blue/MF1509_2_2.dae
[0.959s] -- Installing: /home/rokey/ros2_ws/install/dsr_description2/share/dsr_description2/meshes/m1509_blue/MF1509_1_0.dae
[0.959s] -- Installing: /home/rokey/ros2_ws/install/dsr_description2/share/dsr_description2/meshes/m1509_blue/MF1509_4_0.dae
[0.959s] -- Installing: /home/rokey/ros2_ws/install/dsr_description2/share/dsr_description2/meshes/h2515_white
[0.959s] -- Installing: /home/rokey/ros2_ws/install/dsr_description2/share/dsr_description2/meshes/h2515_white/H2515_0_0.dae
[0.959s] -- Installing: /home/rokey/ros2_ws/install/dsr_description2/share/dsr_description2/meshes/h2515_white/H2515_1_0.dae
[0.960s] -- Installing: /home/rokey/ros2_ws/install/dsr_description2/share/dsr_description2/meshes/h2515_white/H2515_4_1.dae
[0.960s] -- Installing: /home/rokey/ros2_ws/install/dsr_description2/share/dsr_description2/meshes/h2515_white/H2515_4_0.dae
[0.960s] -- Installing: /home/rokey/ros2_ws/install/dsr_description2/share/dsr_description2/meshes/h2515_white/H2515_2_2.dae
[0.961s] -- Installing: /home/rokey/ros2_ws/install/dsr_description2/share/dsr_description2/meshes/h2515_white/H2515_3_0.dae
[0.961s] -- Installing: /home/rokey/ros2_ws/install/dsr_description2/share/dsr_description2/meshes/h2515_white/H2515_2_1.dae
[0.962s] -- Installing: /home/rokey/ros2_ws/install/dsr_description2/share/dsr_description2/meshes/h2515_white/H2515_2_0.dae
[0.962s] -- Installing: /home/rokey/ros2_ws/install/dsr_description2/share/dsr_description2/meshes/h2515_white/H2515_5_0.dae
[0.962s] -- Installing: /home/rokey/ros2_ws/install/dsr_description2/share/dsr_description2/meshes/h2515_white/H2515_6_0.dae
[0.963s] -- Installing: /home/rokey/ros2_ws/install/dsr_description2/share/dsr_description2/meshes/h2017_white
[0.963s] -- Installing: /home/rokey/ros2_ws/install/dsr_description2/share/dsr_description2/meshes/h2017_white/H2017_5_0.dae
[0.963s] -- Installing: /home/rokey/ros2_ws/install/dsr_description2/share/dsr_description2/meshes/h2017_white/H2017_3_0.dae
[0.963s] -- Installing: /home/rokey/ros2_ws/install/dsr_description2/share/dsr_description2/meshes/h2017_white/H2017_4_0.dae
[0.964s] -- Installing: /home/rokey/ros2_ws/install/dsr_description2/share/dsr_description2/meshes/h2017_white/H2017_2_0.dae
[0.964s] -- Installing: /home/rokey/ros2_ws/install/dsr_description2/share/dsr_description2/meshes/h2017_white/H2017_1_0.dae
[0.964s] -- Installing: /home/rokey/ros2_ws/install/dsr_description2/share/dsr_description2/meshes/h2017_white/H2017_2_2.dae
[0.965s] -- Installing: /home/rokey/ros2_ws/install/dsr_description2/share/dsr_description2/meshes/h2017_white/H2017_4_1.dae
[0.965s] -- Installing: /home/rokey/ros2_ws/install/dsr_description2/share/dsr_description2/meshes/h2017_white/H2017_6_0.dae
[0.965s] -- Installing: /home/rokey/ros2_ws/install/dsr_description2/share/dsr_description2/meshes/h2017_white/H2017_0_0.dae
[0.965s] -- Installing: /home/rokey/ros2_ws/install/dsr_description2/share/dsr_description2/meshes/h2017_white/H2017_2_1.dae
[0.966s] -- Installing: /home/rokey/ros2_ws/install/dsr_description2/share/dsr_description2/meshes/h2017_collision
[0.966s] -- Installing: /home/rokey/ros2_ws/install/dsr_description2/share/dsr_description2/meshes/h2017_collision/H2017_5_0.dae
[0.966s] -- Installing: /home/rokey/ros2_ws/install/dsr_description2/share/dsr_description2/meshes/h2017_collision/H2017_3_0.dae
[0.967s] -- Installing: /home/rokey/ros2_ws/install/dsr_description2/share/dsr_description2/meshes/h2017_collision/H2017_4_0.dae
[0.967s] -- Installing: /home/rokey/ros2_ws/install/dsr_description2/share/dsr_description2/meshes/h2017_collision/H2017_2_0.dae
[0.967s] -- Installing: /home/rokey/ros2_ws/install/dsr_description2/share/dsr_description2/meshes/h2017_collision/H2017_1_0.dae
[0.968s] -- Installing: /home/rokey/ros2_ws/install/dsr_description2/share/dsr_description2/meshes/h2017_collision/H2017_2_2.dae
[0.968s] -- Installing: /home/rokey/ros2_ws/install/dsr_description2/share/dsr_description2/meshes/h2017_collision/H2017_4_1.dae
[0.968s] -- Installing: /home/rokey/ros2_ws/install/dsr_description2/share/dsr_description2/meshes/h2017_collision/H2017_6_0.dae
[0.968s] -- Installing: /home/rokey/ros2_ws/install/dsr_description2/share/dsr_description2/meshes/h2017_collision/H2017_0_0.dae
[0.969s] -- Installing: /home/rokey/ros2_ws/install/dsr_description2/share/dsr_description2/meshes/h2017_collision/H2017_2_1.dae
[0.969s] -- Installing: /home/rokey/ros2_ws/install/dsr_description2/share/dsr_description2/meshes/m0617_collision
[0.969s] -- Installing: /home/rokey/ros2_ws/install/dsr_description2/share/dsr_description2/meshes/m0617_collision/MF0617_4_0.dae
[0.970s] -- Installing: /home/rokey/ros2_ws/install/dsr_description2/share/dsr_description2/meshes/m0617_collision/MF0617_3_0.dae
[0.970s] -- Installing: /home/rokey/ros2_ws/install/dsr_description2/share/dsr_description2/meshes/m0617_collision/MF0617_2_2.dae
[0.970s] -- Installing: /home/rokey/ros2_ws/install/dsr_description2/share/dsr_description2/meshes/m0617_collision/MF0617_2_0.dae
[0.970s] -- Installing: /home/rokey/ros2_ws/install/dsr_description2/share/dsr_description2/meshes/m0617_collision/MF0617_0_0.dae
[0.970s] -- Installing: /home/rokey/ros2_ws/install/dsr_description2/share/dsr_description2/meshes/m0617_collision/MF0617_4_1.dae
[0.970s] -- Installing: /home/rokey/ros2_ws/install/dsr_description2/share/dsr_description2/meshes/m0617_collision/MF0617_5_0.dae
[0.970s] -- Installing: /home/rokey/ros2_ws/install/dsr_description2/share/dsr_description2/meshes/m0617_collision/MF0617_1_0.dae
[0.971s] -- Installing: /home/rokey/ros2_ws/install/dsr_description2/share/dsr_description2/meshes/m0617_collision/MF0617_2_1.dae
[0.972s] -- Installing: /home/rokey/ros2_ws/install/dsr_description2/share/dsr_description2/meshes/m0617_collision/MF0617_6_0.dae
[0.972s] -- Installing: /home/rokey/ros2_ws/install/dsr_description2/share/dsr_description2/meshes/gripper
[0.972s] -- Installing: /home/rokey/ros2_ws/install/dsr_description2/share/dsr_description2/meshes/gripper/robotiq
[0.972s] -- Installing: /home/rokey/ros2_ws/install/dsr_description2/share/dsr_description2/meshes/gripper/robotiq/85_2f
[0.972s] -- Installing: /home/rokey/ros2_ws/install/dsr_description2/share/dsr_description2/meshes/gripper/robotiq/85_2f/robotiq_85_coupler.stl
[0.972s] -- Installing: /home/rokey/ros2_ws/install/dsr_description2/share/dsr_description2/meshes/gripper/robotiq/85_2f/collision
[0.972s] -- Installing: /home/rokey/ros2_ws/install/dsr_description2/share/dsr_description2/meshes/gripper/robotiq/85_2f/collision/robotiq_85_base_link.stl
[0.973s] -- Installing: /home/rokey/ros2_ws/install/dsr_description2/share/dsr_description2/meshes/gripper/robotiq/85_2f/collision/robotiq_85_inner_knuckle_link.stl
[0.973s] -- Installing: /home/rokey/ros2_ws/install/dsr_description2/share/dsr_description2/meshes/gripper/robotiq/85_2f/collision/robotiq_85_finger_link.stl
[0.973s] -- Installing: /home/rokey/ros2_ws/install/dsr_description2/share/dsr_description2/meshes/gripper/robotiq/85_2f/collision/robotiq_85_knuckle_link.stl
[0.973s] -- Installing: /home/rokey/ros2_ws/install/dsr_description2/share/dsr_description2/meshes/gripper/robotiq/85_2f/collision/robotiq_85_finger_tip_link.stl
[0.973s] -- Installing: /home/rokey/ros2_ws/install/dsr_description2/share/dsr_description2/meshes/gripper/robotiq/85_2f/visual
[0.973s] -- Installing: /home/rokey/ros2_ws/install/dsr_description2/share/dsr_description2/meshes/gripper/robotiq/85_2f/visual/robotiq_85_finger_link.dae
[0.973s] -- Installing: /home/rokey/ros2_ws/install/dsr_description2/share/dsr_description2/meshes/gripper/robotiq/85_2f/visual/robotiq_85_finger_tip_link.dae
[0.973s] -- Installing: /home/rokey/ros2_ws/install/dsr_description2/share/dsr_description2/meshes/gripper/robotiq/85_2f/visual/robotiq_85_inner_knuckle_link.dae
[0.974s] -- Installing: /home/rokey/ros2_ws/install/dsr_description2/share/dsr_description2/meshes/gripper/robotiq/85_2f/visual/robotiq_85_base_link.dae
[0.975s] -- Installing: /home/rokey/ros2_ws/install/dsr_description2/share/dsr_description2/meshes/gripper/robotiq/85_2f/visual/robotiq_85_knuckle_link.dae
[0.975s] -- Installing: /home/rokey/ros2_ws/install/dsr_description2/share/dsr_description2/meshes/a0509_collision
[0.975s] -- Installing: /home/rokey/ros2_ws/install/dsr_description2/share/dsr_description2/meshes/a0509_collision/A0509_2_2.dae
[0.975s] -- Installing: /home/rokey/ros2_ws/install/dsr_description2/share/dsr_description2/meshes/a0509_collision/A0509_2_0.dae
[0.976s] -- Installing: /home/rokey/ros2_ws/install/dsr_description2/share/dsr_description2/meshes/a0509_collision/A0509_3_1.dae
[0.976s] -- Installing: /home/rokey/ros2_ws/install/dsr_description2/share/dsr_description2/meshes/a0509_collision/A0509_5_0.dae
[0.976s] -- Installing: /home/rokey/ros2_ws/install/dsr_description2/share/dsr_description2/meshes/a0509_collision/A0509_1_2.dae
[0.976s] -- Installing: /home/rokey/ros2_ws/install/dsr_description2/share/dsr_description2/meshes/a0509_collision/A0509_3_0.dae
[0.976s] -- Installing: /home/rokey/ros2_ws/install/dsr_description2/share/dsr_description2/meshes/a0509_collision/A0509_6_0.dae
[0.976s] -- Installing: /home/rokey/ros2_ws/install/dsr_description2/share/dsr_description2/meshes/a0509_collision/A0509_4_0.dae
[0.977s] -- Installing: /home/rokey/ros2_ws/install/dsr_description2/share/dsr_description2/meshes/a0509_collision/A0509_2_1.dae
[0.977s] -- Installing: /home/rokey/ros2_ws/install/dsr_description2/share/dsr_description2/meshes/a0509_collision/A0509_1_0.dae
[0.977s] -- Installing: /home/rokey/ros2_ws/install/dsr_description2/share/dsr_description2/meshes/a0509_collision/A0509_1_1.dae
[0.978s] -- Installing: /home/rokey/ros2_ws/install/dsr_description2/share/dsr_description2/meshes/a0509_collision/A0509_0_0.dae
[0.978s] -- Installing: /home/rokey/ros2_ws/install/dsr_description2/share/dsr_description2/meshes/a0509_collision/A0509_5_1.dae
[0.978s] -- Installing: /home/rokey/ros2_ws/install/dsr_description2/share/dsr_description2/meshes/a0509_collision/A0509_4_1.dae
[0.979s] -- Installing: /home/rokey/ros2_ws/install/dsr_description2/share/dsr_description2/meshes/a0509_blue
[0.979s] -- Installing: /home/rokey/ros2_ws/install/dsr_description2/share/dsr_description2/meshes/a0509_blue/A0509_2_2.dae
[0.979s] -- Installing: /home/rokey/ros2_ws/install/dsr_description2/share/dsr_description2/meshes/a0509_blue/A0509_2_0.dae
[0.979s] -- Installing: /home/rokey/ros2_ws/install/dsr_description2/share/dsr_description2/meshes/a0509_blue/A0509_3_1.dae
[0.979s] -- Installing: /home/rokey/ros2_ws/install/dsr_description2/share/dsr_description2/meshes/a0509_blue/A0509_5_0.dae
[0.980s] -- Installing: /home/rokey/ros2_ws/install/dsr_description2/share/dsr_description2/meshes/a0509_blue/A0509_1_2.dae
[0.980s] -- Installing: /home/rokey/ros2_ws/install/dsr_description2/share/dsr_description2/meshes/a0509_blue/A0509_3_0.dae
[0.980s] -- Installing: /home/rokey/ros2_ws/install/dsr_description2/share/dsr_description2/meshes/a0509_blue/A0509_6_0.dae
[0.980s] -- Installing: /home/rokey/ros2_ws/install/dsr_description2/share/dsr_description2/meshes/a0509_blue/A0509_4_0.dae
[0.980s] -- Installing: /home/rokey/ros2_ws/install/dsr_description2/share/dsr_description2/meshes/a0509_blue/A0509_2_1.dae
[0.981s] -- Installing: /home/rokey/ros2_ws/install/dsr_description2/share/dsr_description2/meshes/a0509_blue/A0509_1_0.dae
[0.981s] -- Installing: /home/rokey/ros2_ws/install/dsr_description2/share/dsr_description2/meshes/a0509_blue/A0509_1_1.dae
[0.981s] -- Installing: /home/rokey/ros2_ws/install/dsr_description2/share/dsr_description2/meshes/a0509_blue/A0509_0_0.dae
[0.982s] -- Installing: /home/rokey/ros2_ws/install/dsr_description2/share/dsr_description2/meshes/a0509_blue/A0509_5_1.dae
[0.982s] -- Installing: /home/rokey/ros2_ws/install/dsr_description2/share/dsr_description2/meshes/a0509_blue/A0509_4_1.dae
[0.982s] -- Installing: /home/rokey/ros2_ws/install/dsr_description2/share/dsr_description2/meshes/a0509_white
[0.982s] -- Installing: /home/rokey/ros2_ws/install/dsr_description2/share/dsr_description2/meshes/a0509_white/A0509_2_2.dae
[0.983s] -- Installing: /home/rokey/ros2_ws/install/dsr_description2/share/dsr_description2/meshes/a0509_white/A0509_2_0.dae
[0.983s] -- Installing: /home/rokey/ros2_ws/install/dsr_description2/share/dsr_description2/meshes/a0509_white/A0509_3_1.dae
[0.983s] -- Installing: /home/rokey/ros2_ws/install/dsr_description2/share/dsr_description2/meshes/a0509_white/A0509_5_0.dae
[0.983s] -- Installing: /home/rokey/ros2_ws/install/dsr_description2/share/dsr_description2/meshes/a0509_white/A0509_1_2.dae
[0.983s] -- Installing: /home/rokey/ros2_ws/install/dsr_description2/share/dsr_description2/meshes/a0509_white/A0509_3_0.dae
[0.983s] -- Installing: /home/rokey/ros2_ws/install/dsr_description2/share/dsr_description2/meshes/a0509_white/A0509_6_0.dae
[0.984s] -- Installing: /home/rokey/ros2_ws/install/dsr_description2/share/dsr_description2/meshes/a0509_white/A0509_4_0.dae
[0.984s] -- Installing: /home/rokey/ros2_ws/install/dsr_description2/share/dsr_description2/meshes/a0509_white/A0509_2_1.dae
[0.984s] -- Installing: /home/rokey/ros2_ws/install/dsr_description2/share/dsr_description2/meshes/a0509_white/A0509_1_0.dae
[0.985s] -- Installing: /home/rokey/ros2_ws/install/dsr_description2/share/dsr_description2/meshes/a0509_white/A0509_1_1.dae
[0.985s] -- Installing: /home/rokey/ros2_ws/install/dsr_description2/share/dsr_description2/meshes/a0509_white/A0509_0_0.dae
[0.985s] -- Installing: /home/rokey/ros2_ws/install/dsr_description2/share/dsr_description2/meshes/a0509_white/A0509_5_1.dae
[0.986s] -- Installing: /home/rokey/ros2_ws/install/dsr_description2/share/dsr_description2/meshes/a0509_white/A0509_4_1.dae
[0.986s] -- Installing: /home/rokey/ros2_ws/install/dsr_description2/share/dsr_description2/meshes/m1013_white
[0.986s] -- Installing: /home/rokey/ros2_ws/install/dsr_description2/share/dsr_description2/meshes/m1013_white/MF1013_1_0.dae
[0.986s] -- Installing: /home/rokey/ros2_ws/install/dsr_description2/share/dsr_description2/meshes/m1013_white/MF1013_4_1.dae
[0.986s] -- Installing: /home/rokey/ros2_ws/install/dsr_description2/share/dsr_description2/meshes/m1013_white/MF1013_3_0.dae
[0.987s] -- Installing: /home/rokey/ros2_ws/install/dsr_description2/share/dsr_description2/meshes/m1013_white/MF1013_2_2.dae
[0.987s] -- Installing: /home/rokey/ros2_ws/install/dsr_description2/share/dsr_description2/meshes/m1013_white/MF1013_2_0.dae
[0.988s] -- Installing: /home/rokey/ros2_ws/install/dsr_description2/share/dsr_description2/meshes/m1013_white/MF1013_4_0.dae
[0.988s] -- Installing: /home/rokey/ros2_ws/install/dsr_description2/share/dsr_description2/meshes/m1013_white/MF1013_5_0.dae
[0.988s] -- Installing: /home/rokey/ros2_ws/install/dsr_description2/share/dsr_description2/meshes/m1013_white/MF1013_0_0.dae
[0.989s] -- Installing: /home/rokey/ros2_ws/install/dsr_description2/share/dsr_description2/meshes/m1013_white/MF1013_2_1.dae
[0.989s] -- Installing: /home/rokey/ros2_ws/install/dsr_description2/share/dsr_description2/meshes/m1013_white/MF1013_6_0.dae
[0.990s] -- Installing: /home/rokey/ros2_ws/install/dsr_description2/share/dsr_description2/meshes/a0912_blue
[0.990s] -- Installing: /home/rokey/ros2_ws/install/dsr_description2/share/dsr_description2/meshes/a0912_blue/A0912_6_0.dae
[0.990s] -- Installing: /home/rokey/ros2_ws/install/dsr_description2/share/dsr_description2/meshes/a0912_blue/A0912_2_1.dae
[0.991s] -- Installing: /home/rokey/ros2_ws/install/dsr_description2/share/dsr_description2/meshes/a0912_blue/A0912_5_0.dae
[0.991s] -- Installing: /home/rokey/ros2_ws/install/dsr_description2/share/dsr_description2/meshes/a0912_blue/A0912_2_2.dae
[0.991s] -- Installing: /home/rokey/ros2_ws/install/dsr_description2/share/dsr_description2/meshes/a0912_blue/A0912_3_0.dae
[0.991s] -- Installing: /home/rokey/ros2_ws/install/dsr_description2/share/dsr_description2/meshes/a0912_blue/A0912_4_0.dae
[0.991s] -- Installing: /home/rokey/ros2_ws/install/dsr_description2/share/dsr_description2/meshes/a0912_blue/A0912_2_0.dae
[0.992s] -- Installing: /home/rokey/ros2_ws/install/dsr_description2/share/dsr_description2/meshes/a0912_blue/A0912_1_1.dae
[0.992s] -- Installing: /home/rokey/ros2_ws/install/dsr_description2/share/dsr_description2/meshes/a0912_blue/A0912_5_1.dae
[0.993s] -- Installing: /home/rokey/ros2_ws/install/dsr_description2/share/dsr_description2/meshes/a0912_blue/A0912_1_0.dae
[0.993s] -- Installing: /home/rokey/ros2_ws/install/dsr_description2/share/dsr_description2/meshes/a0912_blue/A0912_0_0.dae
[0.993s] -- Installing: /home/rokey/ros2_ws/install/dsr_description2/share/dsr_description2/meshes/a0912_blue/A0912_4_1.dae
[0.993s] -- Installing: /home/rokey/ros2_ws/install/dsr_description2/share/dsr_description2/meshes/a0912_blue/A0912_3_1.dae
[0.993s] -- Installing: /home/rokey/ros2_ws/install/dsr_description2/share/dsr_description2/meshes/a0912_blue/A0912_1_2.dae
[0.994s] -- Installing: /home/rokey/ros2_ws/install/dsr_description2/share/dsr_description2/meshes/p3020
[0.994s] -- Installing: /home/rokey/ros2_ws/install/dsr_description2/share/dsr_description2/meshes/p3020/P3020_5_3.STL
[0.994s] -- Installing: /home/rokey/ros2_ws/install/dsr_description2/share/dsr_description2/meshes/p3020/P3020_2_4.STL
[0.994s] -- Installing: /home/rokey/ros2_ws/install/dsr_description2/share/dsr_description2/meshes/p3020/P3020_3_4.STL
[0.994s] -- Installing: /home/rokey/ros2_ws/install/dsr_description2/share/dsr_description2/meshes/p3020/P3020_2_5.STL
[0.994s] -- Installing: /home/rokey/ros2_ws/install/dsr_description2/share/dsr_description2/meshes/p3020/P3020_1_1.STL
[0.994s] -- Installing: /home/rokey/ros2_ws/install/dsr_description2/share/dsr_description2/meshes/p3020/P3020_6_1.STL
[0.994s] -- Installing: /home/rokey/ros2_ws/install/dsr_description2/share/dsr_description2/meshes/p3020/P3020_2_7.STL
[0.994s] -- Installing: /home/rokey/ros2_ws/install/dsr_description2/share/dsr_description2/meshes/p3020/P3020_2_6.STL
[0.994s] -- Installing: /home/rokey/ros2_ws/install/dsr_description2/share/dsr_description2/meshes/p3020/P3020_1_4.STL
[0.994s] -- Installing: /home/rokey/ros2_ws/install/dsr_description2/share/dsr_description2/meshes/p3020/P3020_1_3.STL
[0.995s] -- Installing: /home/rokey/ros2_ws/install/dsr_description2/share/dsr_description2/meshes/p3020/P3020_3_3.STL
[0.995s] -- Installing: /home/rokey/ros2_ws/install/dsr_description2/share/dsr_description2/meshes/p3020/P3020_1_2.STL
[0.995s] -- Installing: /home/rokey/ros2_ws/install/dsr_description2/share/dsr_description2/meshes/p3020/P3020_3_1.STL
[0.995s] -- Installing: /home/rokey/ros2_ws/install/dsr_description2/share/dsr_description2/meshes/p3020/P3020_3_2.STL
[0.995s] -- Installing: /home/rokey/ros2_ws/install/dsr_description2/share/dsr_description2/meshes/p3020/P3020_2_8.STL
[0.995s] -- Installing: /home/rokey/ros2_ws/install/dsr_description2/share/dsr_description2/meshes/p3020/P3020_2_3.STL
[0.995s] -- Installing: /home/rokey/ros2_ws/install/dsr_description2/share/dsr_description2/meshes/p3020/P3020_0_1.STL
[0.996s] -- Installing: /home/rokey/ros2_ws/install/dsr_description2/share/dsr_description2/meshes/p3020/P3020_5_2.STL
[0.996s] -- Installing: /home/rokey/ros2_ws/install/dsr_description2/share/dsr_description2/meshes/p3020/P3020_5_1.STL
[0.996s] -- Installing: /home/rokey/ros2_ws/install/dsr_description2/share/dsr_description2/meshes/p3020/P3020_2_2.STL
[0.996s] -- Installing: /home/rokey/ros2_ws/install/dsr_description2/share/dsr_description2/meshes/p3020/P3020_2_1.STL
[0.996s] -- Installing: /home/rokey/ros2_ws/install/dsr_description2/share/dsr_description2/meshes/p3020/P3020_1_5.STL
[0.996s] -- Installing: /home/rokey/ros2_ws/install/dsr_description2/share/dsr_description2/meshes/a0912_white
[0.996s] -- Installing: /home/rokey/ros2_ws/install/dsr_description2/share/dsr_description2/meshes/a0912_white/A0912_6_0.dae
[0.997s] -- Installing: /home/rokey/ros2_ws/install/dsr_description2/share/dsr_description2/meshes/a0912_white/A0912_2_1.dae
[0.998s] -- Installing: /home/rokey/ros2_ws/install/dsr_description2/share/dsr_description2/meshes/a0912_white/A0912_5_0.dae
[0.998s] -- Installing: /home/rokey/ros2_ws/install/dsr_description2/share/dsr_description2/meshes/a0912_white/A0912_2_2.dae
[0.999s] -- Installing: /home/rokey/ros2_ws/install/dsr_description2/share/dsr_description2/meshes/a0912_white/A0912_3_0.dae
[0.999s] -- Installing: /home/rokey/ros2_ws/install/dsr_description2/share/dsr_description2/meshes/a0912_white/A0912_4_0.dae
[0.999s] -- Installing: /home/rokey/ros2_ws/install/dsr_description2/share/dsr_description2/meshes/a0912_white/A0912_2_0.dae
[1.000s] -- Installing: /home/rokey/ros2_ws/install/dsr_description2/share/dsr_description2/meshes/a0912_white/A0912_1_1.dae
[1.001s] -- Installing: /home/rokey/ros2_ws/install/dsr_description2/share/dsr_description2/meshes/a0912_white/A0912_5_1.dae
[1.001s] -- Installing: /home/rokey/ros2_ws/install/dsr_description2/share/dsr_description2/meshes/a0912_white/A0912_1_0.dae
[1.001s] -- Installing: /home/rokey/ros2_ws/install/dsr_description2/share/dsr_description2/meshes/a0912_white/A0912_0_0.dae
[1.002s] -- Installing: /home/rokey/ros2_ws/install/dsr_description2/share/dsr_description2/meshes/a0912_white/A0912_4_1.dae
[1.002s] -- Installing: /home/rokey/ros2_ws/install/dsr_description2/share/dsr_description2/meshes/a0912_white/A0912_3_1.dae
[1.003s] -- Installing: /home/rokey/ros2_ws/install/dsr_description2/share/dsr_description2/meshes/a0912_white/A0912_1_2.dae
[1.003s] -- Installing: /home/rokey/ros2_ws/install/dsr_description2/share/dsr_description2/meshes/m1509_collision
[1.003s] -- Installing: /home/rokey/ros2_ws/install/dsr_description2/share/dsr_description2/meshes/m1509_collision/MF1509_2_0.dae
[1.003s] -- Installing: /home/rokey/ros2_ws/install/dsr_description2/share/dsr_description2/meshes/m1509_collision/MF1509_2_1.dae
[1.004s] -- Installing: /home/rokey/ros2_ws/install/dsr_description2/share/dsr_description2/meshes/m1509_collision/MF1509_6_0.dae
[1.004s] -- Installing: /home/rokey/ros2_ws/install/dsr_description2/share/dsr_description2/meshes/m1509_collision/MF1509_3_0.dae
[1.004s] -- Installing: /home/rokey/ros2_ws/install/dsr_description2/share/dsr_description2/meshes/m1509_collision/MF1509_5_0.dae
[1.004s] -- Installing: /home/rokey/ros2_ws/install/dsr_description2/share/dsr_description2/meshes/m1509_collision/MF1509_0_0.dae
[1.005s] -- Installing: /home/rokey/ros2_ws/install/dsr_description2/share/dsr_description2/meshes/m1509_collision/MF1509_4_1.dae
[1.005s] -- Installing: /home/rokey/ros2_ws/install/dsr_description2/share/dsr_description2/meshes/m1509_collision/MF1509_2_2.dae
[1.005s] -- Installing: /home/rokey/ros2_ws/install/dsr_description2/share/dsr_description2/meshes/m1509_collision/MF1509_1_0.dae
[1.005s] -- Installing: /home/rokey/ros2_ws/install/dsr_description2/share/dsr_description2/meshes/m1509_collision/MF1509_4_0.dae
[1.005s] -- Installing: /home/rokey/ros2_ws/install/dsr_description2/share/dsr_description2/meshes/a0912_collision
[1.005s] -- Installing: /home/rokey/ros2_ws/install/dsr_description2/share/dsr_description2/meshes/a0912_collision/A0912_6_0.dae
[1.006s] -- Installing: /home/rokey/ros2_ws/install/dsr_description2/share/dsr_description2/meshes/a0912_collision/A0912_2_1.dae
[1.007s] -- Installing: /home/rokey/ros2_ws/install/dsr_description2/share/dsr_description2/meshes/a0912_collision/A0912_5_0.dae
[1.007s] -- Installing: /home/rokey/ros2_ws/install/dsr_description2/share/dsr_description2/meshes/a0912_collision/A0912_2_2.dae
[1.007s] -- Installing: /home/rokey/ros2_ws/install/dsr_description2/share/dsr_description2/meshes/a0912_collision/A0912_3_0.dae
[1.007s] -- Installing: /home/rokey/ros2_ws/install/dsr_description2/share/dsr_description2/meshes/a0912_collision/A0912_4_0.dae
[1.007s] -- Installing: /home/rokey/ros2_ws/install/dsr_description2/share/dsr_description2/meshes/a0912_collision/A0912_2_0.dae
[1.008s] -- Installing: /home/rokey/ros2_ws/install/dsr_description2/share/dsr_description2/meshes/a0912_collision/A0912_1_1.dae
[1.008s] -- Installing: /home/rokey/ros2_ws/install/dsr_description2/share/dsr_description2/meshes/a0912_collision/A0912_5_1.dae
[1.009s] -- Installing: /home/rokey/ros2_ws/install/dsr_description2/share/dsr_description2/meshes/a0912_collision/A0912_1_0.dae
[1.009s] -- Installing: /home/rokey/ros2_ws/install/dsr_description2/share/dsr_description2/meshes/a0912_collision/A0912_0_0.dae
[1.009s] -- Installing: /home/rokey/ros2_ws/install/dsr_description2/share/dsr_description2/meshes/a0912_collision/A0912_4_1.dae
[1.009s] -- Installing: /home/rokey/ros2_ws/install/dsr_description2/share/dsr_description2/meshes/a0912_collision/A0912_3_1.dae
[1.009s] -- Installing: /home/rokey/ros2_ws/install/dsr_description2/share/dsr_description2/meshes/a0912_collision/A0912_1_2.dae
[1.010s] -- Installing: /home/rokey/ros2_ws/install/dsr_description2/share/dsr_description2/meshes/m0609_collision
[1.010s] -- Installing: /home/rokey/ros2_ws/install/dsr_description2/share/dsr_description2/meshes/m0609_collision/MF0609_6_0.dae
[1.010s] -- Installing: /home/rokey/ros2_ws/install/dsr_description2/share/dsr_description2/meshes/m0609_collision/MF0609_4_0.dae
[1.010s] -- Installing: /home/rokey/ros2_ws/install/dsr_description2/share/dsr_description2/meshes/m0609_collision/MF0609_1_0.dae
[1.010s] -- Installing: /home/rokey/ros2_ws/install/dsr_description2/share/dsr_description2/meshes/m0609_collision/MF0609_5_0.dae
[1.010s] -- Installing: /home/rokey/ros2_ws/install/dsr_description2/share/dsr_description2/meshes/m0609_collision/MF0609_2_2.dae
[1.010s] -- Installing: /home/rokey/ros2_ws/install/dsr_description2/share/dsr_description2/meshes/m0609_collision/MF0609_2_0.dae
[1.011s] -- Installing: /home/rokey/ros2_ws/install/dsr_description2/share/dsr_description2/meshes/m0609_collision/MF0609_0_0.dae
[1.011s] -- Installing: /home/rokey/ros2_ws/install/dsr_description2/share/dsr_description2/meshes/m0609_collision/MF0609_2_1.dae
[1.012s] -- Installing: /home/rokey/ros2_ws/install/dsr_description2/share/dsr_description2/meshes/m0609_collision/MF0609_4_1.dae
[1.012s] -- Installing: /home/rokey/ros2_ws/install/dsr_description2/share/dsr_description2/meshes/m0609_collision/MF0609_3_0.dae
[1.012s] -- Installing: /home/rokey/ros2_ws/install/dsr_description2/share/dsr_description2/meshes/m0617_blue
[1.012s] -- Installing: /home/rokey/ros2_ws/install/dsr_description2/share/dsr_description2/meshes/m0617_blue/MF0617_4_0.dae
[1.012s] -- Installing: /home/rokey/ros2_ws/install/dsr_description2/share/dsr_description2/meshes/m0617_blue/MF0617_3_0.dae
[1.012s] -- Installing: /home/rokey/ros2_ws/install/dsr_description2/share/dsr_description2/meshes/m0617_blue/MF0617_2_2.dae
[1.012s] -- Installing: /home/rokey/ros2_ws/install/dsr_description2/share/dsr_description2/meshes/m0617_blue/MF0617_2_0.dae
[1.013s] -- Installing: /home/rokey/ros2_ws/install/dsr_description2/share/dsr_description2/meshes/m0617_blue/MF0617_0_0.dae
[1.013s] -- Installing: /home/rokey/ros2_ws/install/dsr_description2/share/dsr_description2/meshes/m0617_blue/MF0617_4_1.dae
[1.013s] -- Installing: /home/rokey/ros2_ws/install/dsr_description2/share/dsr_description2/meshes/m0617_blue/MF0617_5_0.dae
[1.013s] -- Installing: /home/rokey/ros2_ws/install/dsr_description2/share/dsr_description2/meshes/m0617_blue/MF0617_1_0.dae
[1.013s] -- Installing: /home/rokey/ros2_ws/install/dsr_description2/share/dsr_description2/meshes/m0617_blue/MF0617_2_1.dae
[1.014s] -- Installing: /home/rokey/ros2_ws/install/dsr_description2/share/dsr_description2/meshes/m0617_blue/MF0617_6_0.dae
[1.014s] -- Installing: /home/rokey/ros2_ws/install/dsr_description2/share/dsr_description2/meshes/m0617_white
[1.014s] -- Installing: /home/rokey/ros2_ws/install/dsr_description2/share/dsr_description2/meshes/m0617_white/MF0617_4_0.dae
[1.014s] -- Installing: /home/rokey/ros2_ws/install/dsr_description2/share/dsr_description2/meshes/m0617_white/MF0617_3_0.dae
[1.014s] -- Installing: /home/rokey/ros2_ws/install/dsr_description2/share/dsr_description2/meshes/m0617_white/MF0617_2_2.dae
[1.015s] -- Installing: /home/rokey/ros2_ws/install/dsr_description2/share/dsr_description2/meshes/m0617_white/MF0617_2_0.dae
[1.015s] -- Installing: /home/rokey/ros2_ws/install/dsr_description2/share/dsr_description2/meshes/m0617_white/MF0617_0_0.dae
[1.015s] -- Installing: /home/rokey/ros2_ws/install/dsr_description2/share/dsr_description2/meshes/m0617_white/MF0617_4_1.dae
[1.015s] -- Installing: /home/rokey/ros2_ws/install/dsr_description2/share/dsr_description2/meshes/m0617_white/MF0617_5_0.dae
[1.015s] -- Installing: /home/rokey/ros2_ws/install/dsr_description2/share/dsr_description2/meshes/m0617_white/MF0617_1_0.dae
[1.015s] -- Installing: /home/rokey/ros2_ws/install/dsr_description2/share/dsr_description2/meshes/m0617_white/MF0617_2_1.dae
[1.016s] -- Installing: /home/rokey/ros2_ws/install/dsr_description2/share/dsr_description2/meshes/m0617_white/MF0617_6_0.dae
[1.016s] -- Installing: /home/rokey/ros2_ws/install/dsr_description2/share/dsr_description2/urdf
[1.017s] -- Installing: /home/rokey/ros2_ws/install/dsr_description2/share/dsr_description2/urdf/e0509.urdf
[1.017s] -- Installing: /home/rokey/ros2_ws/install/dsr_description2/share/dsr_description2/urdf/a0509.blue.urdf
[1.017s] -- Installing: /home/rokey/ros2_ws/install/dsr_description2/share/dsr_description2/urdf/a0509.white.urdf
[1.017s] -- Installing: /home/rokey/ros2_ws/install/dsr_description2/share/dsr_description2/urdf/m1509.urdf
[1.017s] -- Installing: /home/rokey/ros2_ws/install/dsr_description2/share/dsr_description2/urdf/m0609.blue.urdf
[1.017s] -- Installing: /home/rokey/ros2_ws/install/dsr_description2/share/dsr_description2/urdf/a0912.white.urdf
[1.017s] -- Installing: /home/rokey/ros2_ws/install/dsr_description2/share/dsr_description2/urdf/m1509.blue.urdf
[1.017s] -- Installing: /home/rokey/ros2_ws/install/dsr_description2/share/dsr_description2/urdf/m0617.white.urdf
[1.017s] -- Installing: /home/rokey/ros2_ws/install/dsr_description2/share/dsr_description2/urdf/m1013.blue.urdf
[1.017s] -- Installing: /home/rokey/ros2_ws/install/dsr_description2/share/dsr_description2/urdf/a0912.blue.urdf
[1.017s] -- Installing: /home/rokey/ros2_ws/install/dsr_description2/share/dsr_description2/urdf/h2515.urdf
[1.017s] -- Installing: /home/rokey/ros2_ws/install/dsr_description2/share/dsr_description2/urdf/m0609.urdf
[1.017s] -- Installing: /home/rokey/ros2_ws/install/dsr_description2/share/dsr_description2/urdf/h2017.white.urdf
[1.017s] -- Installing: /home/rokey/ros2_ws/install/dsr_description2/share/dsr_description2/urdf/p3020.urdf
[1.017s] -- Installing: /home/rokey/ros2_ws/install/dsr_description2/share/dsr_description2/urdf/m0617.blue.urdf
[1.017s] -- Installing: /home/rokey/ros2_ws/install/dsr_description2/share/dsr_description2/urdf/m0609.white.urdf
[1.017s] -- Installing: /home/rokey/ros2_ws/install/dsr_description2/share/dsr_description2/urdf/m1013.urdf
[1.017s] -- Installing: /home/rokey/ros2_ws/install/dsr_description2/share/dsr_description2/urdf/m1509.white.urdf
[1.017s] -- Installing: /home/rokey/ros2_ws/install/dsr_description2/share/dsr_description2/urdf/h2017.blue.urdf
[1.017s] -- Installing: /home/rokey/ros2_ws/install/dsr_description2/share/dsr_description2/urdf/a0912.urdf
[1.017s] -- Installing: /home/rokey/ros2_ws/install/dsr_description2/share/dsr_description2/urdf/h2515.white.urdf
[1.017s] -- Installing: /home/rokey/ros2_ws/install/dsr_description2/share/dsr_description2/urdf/a0509.urdf
[1.017s] -- Installing: /home/rokey/ros2_ws/install/dsr_description2/share/dsr_description2/urdf/h2017.urdf
[1.017s] -- Installing: /home/rokey/ros2_ws/install/dsr_description2/share/dsr_description2/urdf/m1013.white.urdf
[1.017s] -- Installing: /home/rokey/ros2_ws/install/dsr_description2/share/dsr_description2/urdf/e0509.white.urdf
[1.018s] -- Installing: /home/rokey/ros2_ws/install/dsr_description2/share/dsr_description2/urdf/h2515.blue.urdf
[1.018s] -- Installing: /home/rokey/ros2_ws/install/dsr_description2/share/dsr_description2/urdf/m0617.urdf
[1.018s] -- Installing: /home/rokey/ros2_ws/install/dsr_description2/share/dsr_description2/xacro
[1.018s] -- Installing: /home/rokey/ros2_ws/install/dsr_description2/share/dsr_description2/xacro/e0509.urdf.xacro
[1.018s] -- Installing: /home/rokey/ros2_ws/install/dsr_description2/share/dsr_description2/xacro/macro.h2515.blue.xacro
[1.018s] -- Installing: /home/rokey/ros2_ws/install/dsr_description2/share/dsr_description2/xacro/h2515.urdf.xacro
[1.018s] -- Installing: /home/rokey/ros2_ws/install/dsr_description2/share/dsr_description2/xacro/macro.h2017.white.xacro
[1.018s] -- Installing: /home/rokey/ros2_ws/install/dsr_description2/share/dsr_description2/xacro/a0509.urdf.xacro
[1.018s] -- Installing: /home/rokey/ros2_ws/install/dsr_description2/share/dsr_description2/xacro/macro.m0609.blue.xacro
[1.018s] -- Installing: /home/rokey/ros2_ws/install/dsr_description2/share/dsr_description2/xacro/macro.a0912.blue.xacro
[1.018s] -- Installing: /home/rokey/ros2_ws/install/dsr_description2/share/dsr_description2/xacro/p3020.urdf.xacro
[1.018s] -- Installing: /home/rokey/ros2_ws/install/dsr_description2/share/dsr_description2/xacro/macro.m0609.white.xacro
[1.018s] -- Installing: /home/rokey/ros2_ws/install/dsr_description2/share/dsr_description2/xacro/macro.a0509.blue.xacro
[1.018s] -- Installing: /home/rokey/ros2_ws/install/dsr_description2/share/dsr_description2/xacro/macro.m1509.blue.xacro
[1.018s] -- Installing: /home/rokey/ros2_ws/install/dsr_description2/share/dsr_description2/xacro/macro.a0912.white.xacro
[1.018s] -- Installing: /home/rokey/ros2_ws/install/dsr_description2/share/dsr_description2/xacro/m1013.urdf.xacro
[1.018s] -- Installing: /home/rokey/ros2_ws/install/dsr_description2/share/dsr_description2/xacro/macro.h2017.blue.xacro
[1.018s] -- Installing: /home/rokey/ros2_ws/install/dsr_description2/share/dsr_description2/xacro/a0912.urdf.xacro
[1.018s] -- Installing: /home/rokey/ros2_ws/install/dsr_description2/share/dsr_description2/xacro/macro.m0617.white.xacro
[1.018s] -- Installing: /home/rokey/ros2_ws/install/dsr_description2/share/dsr_description2/xacro/macro.e0509.white.xacro
[1.018s] -- Installing: /home/rokey/ros2_ws/install/dsr_description2/share/dsr_description2/xacro/macro.m1509.white.xacro
[1.018s] -- Installing: /home/rokey/ros2_ws/install/dsr_description2/share/dsr_description2/xacro/h2017.urdf.xacro
[1.018s] -- Installing: /home/rokey/ros2_ws/install/dsr_description2/share/dsr_description2/xacro/macro.p3020.blue.xacro
[1.018s] -- Installing: /home/rokey/ros2_ws/install/dsr_description2/share/dsr_description2/xacro/macro.m1013.blue.xacro
[1.018s] -- Installing: /home/rokey/ros2_ws/install/dsr_description2/share/dsr_description2/xacro/macro.h2515.white.xacro
[1.019s] -- Installing: /home/rokey/ros2_ws/install/dsr_description2/share/dsr_description2/xacro/macro.m0617.blue.xacro
[1.019s] -- Installing: /home/rokey/ros2_ws/install/dsr_description2/share/dsr_description2/xacro/macro.p3020.white.xacro
[1.019s] -- Installing: /home/rokey/ros2_ws/install/dsr_description2/share/dsr_description2/xacro/m0609.urdf.xacro
[1.019s] -- Installing: /home/rokey/ros2_ws/install/dsr_description2/share/dsr_description2/xacro/macro.m1013.white.xacro
[1.019s] -- Installing: /home/rokey/ros2_ws/install/dsr_description2/share/dsr_description2/xacro/m0617.urdf.xacro
[1.019s] -- Installing: /home/rokey/ros2_ws/install/dsr_description2/share/dsr_description2/xacro/macro.a0509.white.xacro
[1.019s] -- Installing: /home/rokey/ros2_ws/install/dsr_description2/share/dsr_description2/xacro/m1509.urdf.xacro
[1.019s] -- Installing: /home/rokey/ros2_ws/install/dsr_description2/share/dsr_description2/config
[1.019s] -- Installing: /home/rokey/ros2_ws/install/dsr_description2/share/dsr_description2/config/macro.wheel.xacro
[1.019s] -- Installing: /home/rokey/ros2_ws/install/dsr_description2/share/dsr_description2/config/macro.gazebo.xacro
[1.019s] -- Installing: /home/rokey/ros2_ws/install/dsr_description2/share/dsr_description2/config/macro.gazebo.p3020.xacro
[1.019s] -- Installing: /home/rokey/ros2_ws/install/dsr_description2/share/dsr_description2/config/macro.materials.xacro
[1.019s] -- Installing: /home/rokey/ros2_ws/install/dsr_description2/share/dsr_description2/config/macro.transmission.xacro
[1.019s] -- Installing: /home/rokey/ros2_ws/install/dsr_description2/share/dsr_description2/config/macro.decorations.xacro
[1.019s] -- Installing: /home/rokey/ros2_ws/install/dsr_description2/share/dsr_description2/ros2_control
[1.019s] -- Installing: /home/rokey/ros2_ws/install/dsr_description2/share/dsr_description2/ros2_control/m1509.ros2_control.xacro
[1.019s] -- Installing: /home/rokey/ros2_ws/install/dsr_description2/share/dsr_description2/ros2_control/a0912.ros2_control.xacro
[1.019s] -- Installing: /home/rokey/ros2_ws/install/dsr_description2/share/dsr_description2/ros2_control/a0509.ros2_control.xacro
[1.019s] -- Installing: /home/rokey/ros2_ws/install/dsr_description2/share/dsr_description2/ros2_control/a0912.gz_ros2_control.xacro
[1.019s] -- Installing: /home/rokey/ros2_ws/install/dsr_description2/share/dsr_description2/ros2_control/h2017.gz_ros2_control.xacro
[1.019s] -- Installing: /home/rokey/ros2_ws/install/dsr_description2/share/dsr_description2/ros2_control/m0617.ros2_control.xacro
[1.019s] -- Installing: /home/rokey/ros2_ws/install/dsr_description2/share/dsr_description2/ros2_control/m1013.ros2_control.xacro
[1.019s] -- Installing: /home/rokey/ros2_ws/install/dsr_description2/share/dsr_description2/ros2_control/m0609.gz_ros2_control.xacro
[1.019s] -- Installing: /home/rokey/ros2_ws/install/dsr_description2/share/dsr_description2/ros2_control/m1013.gz_ros2_control.xacro
[1.019s] -- Installing: /home/rokey/ros2_ws/install/dsr_description2/share/dsr_description2/ros2_control/m0609.ros2_control.xacro
[1.019s] -- Installing: /home/rokey/ros2_ws/install/dsr_description2/share/dsr_description2/ros2_control/p3020.gz_ros2_control.xacro
[1.020s] -- Installing: /home/rokey/ros2_ws/install/dsr_description2/share/dsr_description2/ros2_control/m1509.gz_ros2_control.xacro
[1.020s] -- Installing: /home/rokey/ros2_ws/install/dsr_description2/share/dsr_description2/ros2_control/h2515.gz_ros2_control.xacro
[1.020s] -- Installing: /home/rokey/ros2_ws/install/dsr_description2/share/dsr_description2/ros2_control/m0617.gz_ros2_control.xacro
[1.020s] -- Installing: /home/rokey/ros2_ws/install/dsr_description2/share/dsr_description2/ros2_control/h2515.ros2_control.xacro
[1.020s] -- Installing: /home/rokey/ros2_ws/install/dsr_description2/share/dsr_description2/ros2_control/e0509.gz_ros2_control.xacro
[1.020s] -- Installing: /home/rokey/ros2_ws/install/dsr_description2/share/dsr_description2/ros2_control/p3020.ros2_control.xacro
[1.020s] -- Installing: /home/rokey/ros2_ws/install/dsr_description2/share/dsr_description2/ros2_control/h2017.ros2_control.xacro
[1.020s] -- Installing: /home/rokey/ros2_ws/install/dsr_description2/share/dsr_description2/ros2_control/e0509.ros2_control.xacro
[1.020s] -- Installing: /home/rokey/ros2_ws/install/dsr_description2/share/dsr_description2/ros2_control/a0509.gz_ros2_control.xacro
[1.020s] -- Installing: /home/rokey/ros2_ws/install/dsr_description2/share/dsr_description2/launch
[1.020s] -- Installing: /home/rokey/ros2_ws/install/dsr_description2/share/dsr_description2/launch/dsr_description.launch.py
[1.020s] -- Installing: /home/rokey/ros2_ws/install/dsr_description2/share/dsr_description2/rviz
[1.020s] -- Installing: /home/rokey/ros2_ws/install/dsr_description2/share/dsr_description2/rviz/moveit.rviz
[1.020s] -- Installing: /home/rokey/ros2_ws/install/dsr_description2/share/dsr_description2/rviz/default.rviz
[1.452s] Invoked command in '/home/rokey/ros2_ws/build/dsr_description2' returned '0': CMAKE_PREFIX_PATH=/opt/ros/humble /usr/bin/cmake --install /home/rokey/ros2_ws/build/dsr_description2
